wizchip_conf.c:57:9:wizchip_cris_enter	8	static
wizchip_conf.c:63:9:wizchip_cris_exit	8	static
wizchip_conf.c:69:7:wizchip_cs_select	8	static
wizchip_conf.c:75:7:wizchip_cs_deselect	8	static
wizchip_conf.c:83:9:wizchip_bus_readbyte	16	static
wizchip_conf.c:92:7:wizchip_bus_writebyte	16	static
wizchip_conf.c:99:9:wizchip_spi_readbyte	8	static
wizchip_conf.c:105:7:wizchip_spi_writebyte	16	static
wizchip_conf.c:127:6:reg_wizchip_cris_cbfunc	16	static
wizchip_conf.c:141:6:reg_wizchip_cs_cbfunc	16	static
wizchip_conf.c:155:6:reg_wizchip_bus_cbfunc	16	static
wizchip_conf.c:171:6:reg_wizchip_spi_cbfunc	16	static
wizchip_conf.c:187:8:ctlwizchip	40	static
wizchip_conf.c:263:8:ctlnetwork	16	static
wizchip_conf.c:291:6:wizchip_sw_reset	48	static
wizchip_conf.c:305:8:wizchip_init	32	static
wizchip_conf.c:331:6:wizchip_clrinterrupt	32	static
wizchip_conf.c:355:11:wizchip_getinterrupt	24	static
wizchip_conf.c:379:6:wizchip_setinterruptmask	32	static
wizchip_conf.c:403:11:wizchip_getinterruptmask	24	static
wizchip_conf.c:427:8:wizphy_getphylink	16	static
wizchip_conf.c:448:8:wizphy_getphypmode	16	static
wizchip_conf.c:469:6:wizphy_reset	24	static
wizchip_conf.c:479:6:wizphy_setphyconf	24	static
wizchip_conf.c:509:6:wizphy_getphyconf	32	static
wizchip_conf.c:548:6:wizphy_getphystat	32	static
wizchip_conf.c:555:8:wizphy_setphypmode	32	static
wizchip_conf.c:581:6:wizchip_setnetinfo	16	static
wizchip_conf.c:594:6:wizchip_getnetinfo	16	static
wizchip_conf.c:607:8:wizchip_setnetmode	32	static
wizchip_conf.c:621:14:wizchip_getnetmode	8	static
wizchip_conf.c:626:6:wizchip_settimeout	16	static
wizchip_conf.c:632:6:wizchip_gettimeout	24	static
