Archive member included to satisfy reference by file (symbol)

c:/st/stm32cubeide_1.8.0/stm32cubeide/plugins/com.st.stm32cube.ide.mcu.externaltools.gnu-tools-for-stm32.9-2020-q2-update.win32_2.0.0.202105311346/tools/bin/../lib/gcc/arm-none-eabi/9.3.1/../../../../arm-none-eabi/lib/thumb/v6-m/nofp\libc_nano.a(lib_a-errno.o)
                              ./Core/Src/syscalls.o (__errno)
c:/st/stm32cubeide_1.8.0/stm32cubeide/plugins/com.st.stm32cube.ide.mcu.externaltools.gnu-tools-for-stm32.9-2020-q2-update.win32_2.0.0.202105311346/tools/bin/../lib/gcc/arm-none-eabi/9.3.1/../../../../arm-none-eabi/lib/thumb/v6-m/nofp\libc_nano.a(lib_a-exit.o)
                              c:/st/stm32cubeide_1.8.0/stm32cubeide/plugins/com.st.stm32cube.ide.mcu.externaltools.gnu-tools-for-stm32.9-2020-q2-update.win32_2.0.0.202105311346/tools/bin/../lib/gcc/arm-none-eabi/9.3.1/../../../../arm-none-eabi/lib/thumb/v6-m/nofp/crt0.o (exit)
c:/st/stm32cubeide_1.8.0/stm32cubeide/plugins/com.st.stm32cube.ide.mcu.externaltools.gnu-tools-for-stm32.9-2020-q2-update.win32_2.0.0.202105311346/tools/bin/../lib/gcc/arm-none-eabi/9.3.1/../../../../arm-none-eabi/lib/thumb/v6-m/nofp\libc_nano.a(lib_a-impure.o)
                              c:/st/stm32cubeide_1.8.0/stm32cubeide/plugins/com.st.stm32cube.ide.mcu.externaltools.gnu-tools-for-stm32.9-2020-q2-update.win32_2.0.0.202105311346/tools/bin/../lib/gcc/arm-none-eabi/9.3.1/../../../../arm-none-eabi/lib/thumb/v6-m/nofp\libc_nano.a(lib_a-exit.o) (_global_impure_ptr)
c:/st/stm32cubeide_1.8.0/stm32cubeide/plugins/com.st.stm32cube.ide.mcu.externaltools.gnu-tools-for-stm32.9-2020-q2-update.win32_2.0.0.202105311346/tools/bin/../lib/gcc/arm-none-eabi/9.3.1/../../../../arm-none-eabi/lib/thumb/v6-m/nofp\libc_nano.a(lib_a-init.o)
                              c:/st/stm32cubeide_1.8.0/stm32cubeide/plugins/com.st.stm32cube.ide.mcu.externaltools.gnu-tools-for-stm32.9-2020-q2-update.win32_2.0.0.202105311346/tools/bin/../lib/gcc/arm-none-eabi/9.3.1/../../../../arm-none-eabi/lib/thumb/v6-m/nofp/crt0.o (__libc_init_array)
c:/st/stm32cubeide_1.8.0/stm32cubeide/plugins/com.st.stm32cube.ide.mcu.externaltools.gnu-tools-for-stm32.9-2020-q2-update.win32_2.0.0.202105311346/tools/bin/../lib/gcc/arm-none-eabi/9.3.1/../../../../arm-none-eabi/lib/thumb/v6-m/nofp\libc_nano.a(lib_a-memset.o)
                              c:/st/stm32cubeide_1.8.0/stm32cubeide/plugins/com.st.stm32cube.ide.mcu.externaltools.gnu-tools-for-stm32.9-2020-q2-update.win32_2.0.0.202105311346/tools/bin/../lib/gcc/arm-none-eabi/9.3.1/../../../../arm-none-eabi/lib/thumb/v6-m/nofp/crt0.o (memset)
c:/st/stm32cubeide_1.8.0/stm32cubeide/plugins/com.st.stm32cube.ide.mcu.externaltools.gnu-tools-for-stm32.9-2020-q2-update.win32_2.0.0.202105311346/tools/bin/../lib/gcc/arm-none-eabi/9.3.1/thumb/v6-m/nofp\libgcc.a(_udivsi3.o)
                              ./Core/Src/system_stm32f0xx.o (__aeabi_uidiv)
c:/st/stm32cubeide_1.8.0/stm32cubeide/plugins/com.st.stm32cube.ide.mcu.externaltools.gnu-tools-for-stm32.9-2020-q2-update.win32_2.0.0.202105311346/tools/bin/../lib/gcc/arm-none-eabi/9.3.1/thumb/v6-m/nofp\libgcc.a(_dvmd_tls.o)
                              c:/st/stm32cubeide_1.8.0/stm32cubeide/plugins/com.st.stm32cube.ide.mcu.externaltools.gnu-tools-for-stm32.9-2020-q2-update.win32_2.0.0.202105311346/tools/bin/../lib/gcc/arm-none-eabi/9.3.1/thumb/v6-m/nofp\libgcc.a(_udivsi3.o) (__aeabi_idiv0)

Allocating common symbols
Common symbol       size              file

hspi2               0x64              ./Core/Src/main.o
uwTick              0x4               ./Drivers/STM32F0xx_HAL_Driver/Src/stm32f0xx_hal.o
pFlash              0x20              ./Drivers/STM32F0xx_HAL_Driver/Src/stm32f0xx_hal_flash.o
http_state          0x8               ./Core/Src/server_sett.o
gDATABUF            0x32              ./Core/Src/server_sett.o
huart1              0x84              ./Core/Src/main.o
hdac                0x14              ./Core/Src/main.o
sentsize            0x20              ./Core/Src/server_sett.o
hdma_adc            0x44              ./Core/Src/main.o
hadc                0x40              ./Core/Src/main.o

Discarded input sections

 .text          0x0000000000000000        0x0 c:/st/stm32cubeide_1.8.0/stm32cubeide/plugins/com.st.stm32cube.ide.mcu.externaltools.gnu-tools-for-stm32.9-2020-q2-update.win32_2.0.0.202105311346/tools/bin/../lib/gcc/arm-none-eabi/9.3.1/thumb/v6-m/nofp/crti.o
 .data          0x0000000000000000        0x0 c:/st/stm32cubeide_1.8.0/stm32cubeide/plugins/com.st.stm32cube.ide.mcu.externaltools.gnu-tools-for-stm32.9-2020-q2-update.win32_2.0.0.202105311346/tools/bin/../lib/gcc/arm-none-eabi/9.3.1/thumb/v6-m/nofp/crti.o
 .bss           0x0000000000000000        0x0 c:/st/stm32cubeide_1.8.0/stm32cubeide/plugins/com.st.stm32cube.ide.mcu.externaltools.gnu-tools-for-stm32.9-2020-q2-update.win32_2.0.0.202105311346/tools/bin/../lib/gcc/arm-none-eabi/9.3.1/thumb/v6-m/nofp/crti.o
[...]
Memory Configuration

Name             Origin             Length             Attributes
RAM              0x0000000020000000 0x0000000000004000 xrw
FLASH            0x0000000008000000 0x0000000000010000 xr
*default*        0x0000000000000000 0xffffffffffffffff

Linker script and memory map

LOAD c:/st/stm32cubeide_1.8.0/stm32cubeide/plugins/com.st.stm32cube.ide.mcu.externaltools.gnu-tools-for-stm32.9-2020-q2-update.win32_2.0.0.202105311346/tools/bin/../lib/gcc/arm-none-eabi/9.3.1/thumb/v6-m/nofp/crti.o
LOAD c:/st/stm32cubeide_1.8.0/stm32cubeide/plugins/com.st.stm32cube.ide.mcu.externaltools.gnu-tools-for-stm32.9-2020-q2-update.win32_2.0.0.202105311346/tools/bin/../lib/gcc/arm-none-eabi/9.3.1/thumb/v6-m/nofp/crtbegin.o
LOAD c:/st/stm32cubeide_1.8.0/stm32cubeide/plugins/com.st.stm32cube.ide.mcu.externaltools.gnu-tools-for-stm32.9-2020-q2-update.win32_2.0.0.202105311346/tools/bin/../lib/gcc/arm-none-eabi/9.3.1/../../../../arm-none-eabi/lib/thumb/v6-m/nofp/crt0.o
LOAD ./Core/Src/global.o
LOAD ./Core/Src/http_server.o
LOAD ./Core/Src/main.o
LOAD ./Core/Src/server_sett.o
LOAD ./Core/Src/stm32f0xx_hal_msp.o
LOAD ./Core/Src/stm32f0xx_it.o
LOAD ./Core/Src/syscalls.o
LOAD ./Core/Src/sysmem.o
LOAD ./Core/Src/system_stm32f0xx.o
LOAD ./Core/Src/tcp_server.o
LOAD ./Core/Src/user.o
LOAD ./Core/Startup/startup_stm32f072c8tx.o
LOAD ./Drivers/STM32F0xx_HAL_Driver/Src/stm32f0xx_hal.o
LOAD ./Drivers/STM32F0xx_HAL_Driver/Src/stm32f0xx_hal_adc.o
LOAD ./Drivers/STM32F0xx_HAL_Driver/Src/stm32f0xx_hal_adc_ex.o
LOAD ./Drivers/STM32F0xx_HAL_Driver/Src/stm32f0xx_hal_cortex.o
LOAD ./Drivers/STM32F0xx_HAL_Driver/Src/stm32f0xx_hal_dac.o
LOAD ./Drivers/STM32F0xx_HAL_Driver/Src/stm32f0xx_hal_dac_ex.o
LOAD ./Drivers/STM32F0xx_HAL_Driver/Src/stm32f0xx_hal_dma.o
LOAD ./Drivers/STM32F0xx_HAL_Driver/Src/stm32f0xx_hal_exti.o
LOAD ./Drivers/STM32F0xx_HAL_Driver/Src/stm32f0xx_hal_flash.o
LOAD ./Drivers/STM32F0xx_HAL_Driver/Src/stm32f0xx_hal_flash_ex.o
LOAD ./Drivers/STM32F0xx_HAL_Driver/Src/stm32f0xx_hal_gpio.o
LOAD ./Drivers/STM32F0xx_HAL_Driver/Src/stm32f0xx_hal_i2c.o
LOAD ./Drivers/STM32F0xx_HAL_Driver/Src/stm32f0xx_hal_i2c_ex.o
LOAD ./Drivers/STM32F0xx_HAL_Driver/Src/stm32f0xx_hal_pwr.o
LOAD ./Drivers/STM32F0xx_HAL_Driver/Src/stm32f0xx_hal_pwr_ex.o
LOAD ./Drivers/STM32F0xx_HAL_Driver/Src/stm32f0xx_hal_rcc.o
LOAD ./Drivers/STM32F0xx_HAL_Driver/Src/stm32f0xx_hal_rcc_ex.o
LOAD ./Drivers/STM32F0xx_HAL_Driver/Src/stm32f0xx_hal_spi.o
LOAD ./Drivers/STM32F0xx_HAL_Driver/Src/stm32f0xx_hal_spi_ex.o
LOAD ./Drivers/STM32F0xx_HAL_Driver/Src/stm32f0xx_hal_tim.o
LOAD ./Drivers/STM32F0xx_HAL_Driver/Src/stm32f0xx_hal_tim_ex.o
LOAD ./Drivers/STM32F0xx_HAL_Driver/Src/stm32f0xx_hal_uart.o
LOAD ./Drivers/STM32F0xx_HAL_Driver/Src/stm32f0xx_hal_uart_ex.o
LOAD ./Drivers/W5500/scr/socket.o
LOAD ./Drivers/W5500/scr/w5500.o
LOAD ./Drivers/W5500/scr/wizchip_conf.o
START GROUP
LOAD c:/st/stm32cubeide_1.8.0/stm32cubeide/plugins/com.st.stm32cube.ide.mcu.externaltools.gnu-tools-for-stm32.9-2020-q2-update.win32_2.0.0.202105311346/tools/bin/../lib/gcc/arm-none-eabi/9.3.1/../../../../arm-none-eabi/lib/thumb/v6-m/nofp\libc_nano.a
LOAD c:/st/stm32cubeide_1.8.0/stm32cubeide/plugins/com.st.stm32cube.ide.mcu.externaltools.gnu-tools-for-stm32.9-2020-q2-update.win32_2.0.0.202105311346/tools/bin/../lib/gcc/arm-none-eabi/9.3.1/../../../../arm-none-eabi/lib/thumb/v6-m/nofp\libm.a
END GROUP
START GROUP
LOAD c:/st/stm32cubeide_1.8.0/stm32cubeide/plugins/com.st.stm32cube.ide.mcu.externaltools.gnu-tools-for-stm32.9-2020-q2-update.win32_2.0.0.202105311346/tools/bin/../lib/gcc/arm-none-eabi/9.3.1/thumb/v6-m/nofp\libgcc.a
LOAD c:/st/stm32cubeide_1.8.0/stm32cubeide/plugins/com.st.stm32cube.ide.mcu.externaltools.gnu-tools-for-stm32.9-2020-q2-update.win32_2.0.0.202105311346/tools/bin/../lib/gcc/arm-none-eabi/9.3.1/../../../../arm-none-eabi/lib/thumb/v6-m/nofp\libc_nano.a
END GROUP
START GROUP
LOAD c:/st/stm32cubeide_1.8.0/stm32cubeide/plugins/com.st.stm32cube.ide.mcu.externaltools.gnu-tools-for-stm32.9-2020-q2-update.win32_2.0.0.202105311346/tools/bin/../lib/gcc/arm-none-eabi/9.3.1/thumb/v6-m/nofp\libgcc.a
LOAD c:/st/stm32cubeide_1.8.0/stm32cubeide/plugins/com.st.stm32cube.ide.mcu.externaltools.gnu-tools-for-stm32.9-2020-q2-update.win32_2.0.0.202105311346/tools/bin/../lib/gcc/arm-none-eabi/9.3.1/../../../../arm-none-eabi/lib/thumb/v6-m/nofp\libc_nano.a
LOAD c:/st/stm32cubeide_1.8.0/stm32cubeide/plugins/com.st.stm32cube.ide.mcu.externaltools.gnu-tools-for-stm32.9-2020-q2-update.win32_2.0.0.202105311346/tools/bin/../lib/gcc/arm-none-eabi/9.3.1/../../../../arm-none-eabi/lib/thumb/v6-m/nofp\libnosys.a
END GROUP
START GROUP
LOAD c:/st/stm32cubeide_1.8.0/stm32cubeide/plugins/com.st.stm32cube.ide.mcu.externaltools.gnu-tools-for-stm32.9-2020-q2-update.win32_2.0.0.202105311346/tools/bin/../lib/gcc/arm-none-eabi/9.3.1/thumb/v6-m/nofp\libgcc.a
LOAD c:/st/stm32cubeide_1.8.0/stm32cubeide/plugins/com.st.stm32cube.ide.mcu.externaltools.gnu-tools-for-stm32.9-2020-q2-update.win32_2.0.0.202105311346/tools/bin/../lib/gcc/arm-none-eabi/9.3.1/../../../../arm-none-eabi/lib/thumb/v6-m/nofp\libc_nano.a
LOAD c:/st/stm32cubeide_1.8.0/stm32cubeide/plugins/com.st.stm32cube.ide.mcu.externaltools.gnu-tools-for-stm32.9-2020-q2-update.win32_2.0.0.202105311346/tools/bin/../lib/gcc/arm-none-eabi/9.3.1/../../../../arm-none-eabi/lib/thumb/v6-m/nofp\libnosys.a
END GROUP
LOAD c:/st/stm32cubeide_1.8.0/stm32cubeide/plugins/com.st.stm32cube.ide.mcu.externaltools.gnu-tools-for-stm32.9-2020-q2-update.win32_2.0.0.202105311346/tools/bin/../lib/gcc/arm-none-eabi/9.3.1/thumb/v6-m/nofp/crtend.o
LOAD c:/st/stm32cubeide_1.8.0/stm32cubeide/plugins/com.st.stm32cube.ide.mcu.externaltools.gnu-tools-for-stm32.9-2020-q2-update.win32_2.0.0.202105311346/tools/bin/../lib/gcc/arm-none-eabi/9.3.1/thumb/v6-m/nofp/crtn.o
                0x0000000020004000                _estack = (ORIGIN (RAM) + LENGTH (RAM))
                0x0000000000000200                _Min_Heap_Size = 0x200
                0x0000000000000400                _Min_Stack_Size = 0x400

.isr_vector     0x0000000008000000       0xc0
                0x0000000008000000                . = ALIGN (0x4)
 *(.isr_vector)
 .isr_vector    0x0000000008000000       0xc0 ./Core/Startup/startup_stm32f072c8tx.o
                0x0000000008000000                g_pfnVectors
                0x00000000080000c0                . = ALIGN (0x4)

.text           0x00000000080000c0     0x6708
                0x00000000080000c0                . = ALIGN (0x4)
 *(.text)
 .text          0x00000000080000c0       0x48 c:/st/stm32cubeide_1.8.0/stm32cubeide/plugins/com.st.stm32cube.ide.mcu.externaltools.gnu-tools-for-stm32.9-2020-q2-update.win32_2.0.0.202105311346/tools/bin/../lib/gcc/arm-none-eabi/9.3.1/thumb/v6-m/nofp/crtbegin.o
 .text          0x0000000008000108      0x114 c:/st/stm32cubeide_1.8.0/stm32cubeide/plugins/com.st.stm32cube.ide.mcu.externaltools.gnu-tools-for-stm32.9-2020-q2-update.win32_2.0.0.202105311346/tools/bin/../lib/gcc/arm-none-eabi/9.3.1/thumb/v6-m/nofp\libgcc.a(_udivsi3.o)
                0x0000000008000108                __aeabi_uidiv
                0x0000000008000108                __udivsi3
                0x0000000008000214                __aeabi_uidivmod
 .text          0x000000000800021c        0x4 c:/st/stm32cubeide_1.8.0/stm32cubeide/plugins/com.st.stm32cube.ide.mcu.externaltools.gnu-tools-for-stm32.9-2020-q2-update.win32_2.0.0.202105311346/tools/bin/../lib/gcc/arm-none-eabi/9.3.1/thumb/v6-m/nofp\libgcc.a(_dvmd_tls.o)
                0x000000000800021c                __aeabi_idiv0
                0x000000000800021c                __aeabi_ldiv0
 *(.text*)
 .text.set_do   0x0000000008000220      0x13c ./Core/Src/global.o
                0x0000000008000220                set_do
 .text.set_dac  0x000000000800035c       0xb8 ./Core/Src/global.o
                0x000000000800035c                set_dac
 .text.ADC_config_chanel
                0x0000000008000414       0x54 ./Core/Src/global.o
                0x0000000008000414                ADC_config_chanel
 .text.ADC_read_1_chanel
                0x0000000008000468       0x5c ./Core/Src/global.o
                0x0000000008000468                ADC_read_1_chanel
 .text.ADC_Send
                0x00000000080004c4      0x10c ./Core/Src/global.o
                0x00000000080004c4                ADC_Send
 .text.Uart_send
                0x00000000080005d0       0xb8 ./Core/Src/global.o
                0x00000000080005d0                Uart_send
 .text.main     0x0000000008000688       0x2a ./Core/Src/main.o
                0x0000000008000688                main
 .text.SystemClock_Config
                0x00000000080006b2       0xca ./Core/Src/main.o
                0x00000000080006b2                SystemClock_Config
 .text.MX_ADC_Init
                0x000000000800077c      0x104 ./Core/Src/main.o
 .text.MX_DAC_Init
                0x0000000008000880       0x70 ./Core/Src/main.o
 .text.MX_SPI2_Init
                0x00000000080008f0       0x7c ./Core/Src/main.o
 .text.MX_USART1_UART_Init
                0x000000000800096c       0x60 ./Core/Src/main.o
 .text.MX_DMA_Init
                0x00000000080009cc       0x3c ./Core/Src/main.o
 .text.MX_GPIO_Init
                0x0000000008000a08      0x164 ./Core/Src/main.o
 .text.Error_Handler
                0x0000000008000b6c        0xa ./Core/Src/main.o
                0x0000000008000b6c                Error_Handler
 *fill*         0x0000000008000b76        0x2 
 .text.W5500_Init
                0x0000000008000b78       0xf4 ./Core/Src/server_sett.o
                0x0000000008000b78                W5500_Init
 .text.wizchip_select
                0x0000000008000c6c       0x1a ./Core/Src/server_sett.o
                0x0000000008000c6c                wizchip_select
 .text.wizchip_deselect
                0x0000000008000c86       0x1a ./Core/Src/server_sett.o
                0x0000000008000c86                wizchip_deselect
 .text.W5500_rxtx
                0x0000000008000ca0       0x30 ./Core/Src/server_sett.o
                0x0000000008000ca0                W5500_rxtx
 .text.wizchip_write
                0x0000000008000cd0       0x1e ./Core/Src/server_sett.o
                0x0000000008000cd0                wizchip_write
 .text.wizchip_read
                0x0000000008000cee       0x12 ./Core/Src/server_sett.o
                0x0000000008000cee                wizchip_read
 .text.network_init
                0x0000000008000d00       0x28 ./Core/Src/server_sett.o
                0x0000000008000d00                network_init
 .text.HTTP_reset
                0x0000000008000d28       0x34 ./Core/Src/server_sett.o
                0x0000000008000d28                HTTP_reset
 .text.HAL_MspInit
                0x0000000008000d5c       0x48 ./Core/Src/stm32f0xx_hal_msp.o
                0x0000000008000d5c                HAL_MspInit
 .text.HAL_ADC_MspInit
                0x0000000008000da4       0xe4 ./Core/Src/stm32f0xx_hal_msp.o
                0x0000000008000da4                HAL_ADC_MspInit
 .text.HAL_DAC_MspInit
                0x0000000008000e88       0x8c ./Core/Src/stm32f0xx_hal_msp.o
                0x0000000008000e88                HAL_DAC_MspInit
 .text.HAL_SPI_MspInit
                0x0000000008000f14       0x9c ./Core/Src/stm32f0xx_hal_msp.o
                0x0000000008000f14                HAL_SPI_MspInit
 .text.HAL_UART_MspInit
                0x0000000008000fb0       0xac ./Core/Src/stm32f0xx_hal_msp.o
                0x0000000008000fb0                HAL_UART_MspInit
 .text.NMI_Handler
                0x000000000800105c        0x6 ./Core/Src/stm32f0xx_it.o
                0x000000000800105c                NMI_Handler
 .text.HardFault_Handler
                0x0000000008001062        0x6 ./Core/Src/stm32f0xx_it.o
                0x0000000008001062                HardFault_Handler
 .text.SVC_Handler
                0x0000000008001068        0xa ./Core/Src/stm32f0xx_it.o
                0x0000000008001068                SVC_Handler
 .text.PendSV_Handler
                0x0000000008001072        0xa ./Core/Src/stm32f0xx_it.o
                0x0000000008001072                PendSV_Handler
 .text.SysTick_Handler
                0x000000000800107c        0xe ./Core/Src/stm32f0xx_it.o
                0x000000000800107c                SysTick_Handler
 *fill*         0x000000000800108a        0x2 
 .text.DMA1_Channel1_IRQHandler
                0x000000000800108c       0x18 ./Core/Src/stm32f0xx_it.o
                0x000000000800108c                DMA1_Channel1_IRQHandler
 .text.USART1_IRQHandler
                0x00000000080010a4       0x18 ./Core/Src/stm32f0xx_it.o
                0x00000000080010a4                USART1_IRQHandler
 .text.SystemInit
                0x00000000080010bc        0xa ./Core/Src/system_stm32f0xx.o
                0x00000000080010bc                SystemInit
 .text.TCP_server
                0x00000000080010c6      0x156 ./Core/Src/tcp_server.o
                0x00000000080010c6                TCP_server
 .text.Task     0x000000000800121c       0x5c ./Core/Src/user.o
                0x000000000800121c                Task
 .text.Reset_Handler
                0x0000000008001278       0x50 ./Core/Startup/startup_stm32f072c8tx.o
                0x0000000008001278                Reset_Handler
 .text.Default_Handler
                0x00000000080012c8        0x2 ./Core/Startup/startup_stm32f072c8tx.o
                0x00000000080012c8                TIM1_CC_IRQHandler
                0x00000000080012c8                TSC_IRQHandler
                0x00000000080012c8                ADC1_COMP_IRQHandler
                0x00000000080012c8                I2C1_IRQHandler
                0x00000000080012c8                RCC_CRS_IRQHandler
                0x00000000080012c8                SPI1_IRQHandler
                0x00000000080012c8                TIM6_DAC_IRQHandler
                0x00000000080012c8                USART3_4_IRQHandler
                0x00000000080012c8                EXTI2_3_IRQHandler
                0x00000000080012c8                I2C2_IRQHandler
                0x00000000080012c8                TIM17_IRQHandler
                0x00000000080012c8                CEC_CAN_IRQHandler
                0x00000000080012c8                RTC_IRQHandler
                0x00000000080012c8                PVD_VDDIO2_IRQHandler
                0x00000000080012c8                DMA1_Channel4_5_6_7_IRQHandler
                0x00000000080012c8                TIM16_IRQHandler
                0x00000000080012c8                TIM3_IRQHandler
                0x00000000080012c8                EXTI4_15_IRQHandler
                0x00000000080012c8                Default_Handler
                0x00000000080012c8                TIM14_IRQHandler
                0x00000000080012c8                TIM7_IRQHandler
                0x00000000080012c8                TIM15_IRQHandler
                0x00000000080012c8                EXTI0_1_IRQHandler
                0x00000000080012c8                USB_IRQHandler
                0x00000000080012c8                SPI2_IRQHandler
                0x00000000080012c8                WWDG_IRQHandler
                0x00000000080012c8                TIM2_IRQHandler
                0x00000000080012c8                DMA1_Channel2_3_IRQHandler
                0x00000000080012c8                USART2_IRQHandler
                0x00000000080012c8                FLASH_IRQHandler
                0x00000000080012c8                TIM1_BRK_UP_TRG_COM_IRQHandler
 *fill*         0x00000000080012ca        0x2 
 .text.HAL_Init
                0x00000000080012cc       0x28 ./Drivers/STM32F0xx_HAL_Driver/Src/stm32f0xx_hal.o
                0x00000000080012cc                HAL_Init
 .text.HAL_InitTick
                0x00000000080012f4       0x68 ./Drivers/STM32F0xx_HAL_Driver/Src/stm32f0xx_hal.o
                0x00000000080012f4                HAL_InitTick
 .text.HAL_IncTick
                0x000000000800135c       0x24 ./Drivers/STM32F0xx_HAL_Driver/Src/stm32f0xx_hal.o
                0x000000000800135c                HAL_IncTick
 .text.HAL_GetTick
                0x0000000008001380       0x14 ./Drivers/STM32F0xx_HAL_Driver/Src/stm32f0xx_hal.o
                0x0000000008001380                HAL_GetTick
 .text.HAL_Delay
                0x0000000008001394       0x48 ./Drivers/STM32F0xx_HAL_Driver/Src/stm32f0xx_hal.o
                0x0000000008001394                HAL_Delay
 .text.HAL_ADC_Init
                0x00000000080013dc      0x280 ./Drivers/STM32F0xx_HAL_Driver/Src/stm32f0xx_hal_adc.o
                0x00000000080013dc                HAL_ADC_Init
 .text.HAL_ADC_Start
                0x000000000800165c       0xa8 ./Drivers/STM32F0xx_HAL_Driver/Src/stm32f0xx_hal_adc.o
                0x000000000800165c                HAL_ADC_Start
 .text.HAL_ADC_Stop
                0x0000000008001704       0x80 ./Drivers/STM32F0xx_HAL_Driver/Src/stm32f0xx_hal_adc.o
                0x0000000008001704                HAL_ADC_Stop
 .text.HAL_ADC_PollForConversion
                0x0000000008001784      0x130 ./Drivers/STM32F0xx_HAL_Driver/Src/stm32f0xx_hal_adc.o
                0x0000000008001784                HAL_ADC_PollForConversion
 .text.HAL_ADC_GetValue
                0x00000000080018b4       0x16 ./Drivers/STM32F0xx_HAL_Driver/Src/stm32f0xx_hal_adc.o
                0x00000000080018b4                HAL_ADC_GetValue
 *fill*         0x00000000080018ca        0x2 
 .text.HAL_ADC_ConfigChannel
                0x00000000080018cc      0x21c ./Drivers/STM32F0xx_HAL_Driver/Src/stm32f0xx_hal_adc.o
                0x00000000080018cc                HAL_ADC_ConfigChannel
 .text.ADC_Enable
                0x0000000008001ae8      0x108 ./Drivers/STM32F0xx_HAL_Driver/Src/stm32f0xx_hal_adc.o
 .text.ADC_Disable
                0x0000000008001bf0       0xe2 ./Drivers/STM32F0xx_HAL_Driver/Src/stm32f0xx_hal_adc.o
 .text.ADC_ConversionStop
                0x0000000008001cd2       0x98 ./Drivers/STM32F0xx_HAL_Driver/Src/stm32f0xx_hal_adc.o
 *fill*         0x0000000008001d6a        0x2 
 .text.HAL_ADCEx_Calibration_Start
                0x0000000008001d6c      0x150 ./Drivers/STM32F0xx_HAL_Driver/Src/stm32f0xx_hal_adc_ex.o
                0x0000000008001d6c                HAL_ADCEx_Calibration_Start
 .text.__NVIC_EnableIRQ
                0x0000000008001ebc       0x34 ./Drivers/STM32F0xx_HAL_Driver/Src/stm32f0xx_hal_cortex.o
 .text.__NVIC_SetPriority
                0x0000000008001ef0       0xdc ./Drivers/STM32F0xx_HAL_Driver/Src/stm32f0xx_hal_cortex.o
 .text.SysTick_Config
                0x0000000008001fcc       0x48 ./Drivers/STM32F0xx_HAL_Driver/Src/stm32f0xx_hal_cortex.o
 .text.HAL_NVIC_SetPriority
                0x0000000008002014       0x2a ./Drivers/STM32F0xx_HAL_Driver/Src/stm32f0xx_hal_cortex.o
                0x0000000008002014                HAL_NVIC_SetPriority
 .text.HAL_NVIC_EnableIRQ
                0x000000000800203e       0x20 ./Drivers/STM32F0xx_HAL_Driver/Src/stm32f0xx_hal_cortex.o
                0x000000000800203e                HAL_NVIC_EnableIRQ
 .text.HAL_SYSTICK_Config
                0x000000000800205e       0x1a ./Drivers/STM32F0xx_HAL_Driver/Src/stm32f0xx_hal_cortex.o
                0x000000000800205e                HAL_SYSTICK_Config
 .text.HAL_DAC_Init
                0x0000000008002078       0x46 ./Drivers/STM32F0xx_HAL_Driver/Src/stm32f0xx_hal_dac.o
                0x0000000008002078                HAL_DAC_Init
 .text.HAL_DAC_SetValue
                0x00000000080020be       0x44 ./Drivers/STM32F0xx_HAL_Driver/Src/stm32f0xx_hal_dac.o
                0x00000000080020be                HAL_DAC_SetValue
 *fill*         0x0000000008002102        0x2 
 .text.HAL_DAC_ConfigChannel
                0x0000000008002104       0x80 ./Drivers/STM32F0xx_HAL_Driver/Src/stm32f0xx_hal_dac_ex.o
                0x0000000008002104                HAL_DAC_ConfigChannel
 .text.HAL_DAC_Start
                0x0000000008002184       0x96 ./Drivers/STM32F0xx_HAL_Driver/Src/stm32f0xx_hal_dac_ex.o
                0x0000000008002184                HAL_DAC_Start
 *fill*         0x000000000800221a        0x2 
 .text.HAL_DMA_Init
                0x000000000800221c       0x90 ./Drivers/STM32F0xx_HAL_Driver/Src/stm32f0xx_hal_dma.o
                0x000000000800221c                HAL_DMA_Init
 .text.HAL_DMA_Abort
                0x00000000080022ac       0x70 ./Drivers/STM32F0xx_HAL_Driver/Src/stm32f0xx_hal_dma.o
                0x00000000080022ac                HAL_DMA_Abort
 .text.HAL_DMA_Abort_IT
                0x000000000800231c       0x8a ./Drivers/STM32F0xx_HAL_Driver/Src/stm32f0xx_hal_dma.o
                0x000000000800231c                HAL_DMA_Abort_IT
 .text.HAL_DMA_IRQHandler
                0x00000000080023a6      0x144 ./Drivers/STM32F0xx_HAL_Driver/Src/stm32f0xx_hal_dma.o
                0x00000000080023a6                HAL_DMA_IRQHandler
 *fill*         0x00000000080024ea        0x2 
 .text.DMA_CalcBaseAndBitshift
                0x00000000080024ec       0x38 ./Drivers/STM32F0xx_HAL_Driver/Src/stm32f0xx_hal_dma.o
 .text.HAL_GPIO_Init
                0x0000000008002524      0x2f0 ./Drivers/STM32F0xx_HAL_Driver/Src/stm32f0xx_hal_gpio.o
                0x0000000008002524                HAL_GPIO_Init
 .text.HAL_GPIO_ReadPin
                0x0000000008002814       0x3a ./Drivers/STM32F0xx_HAL_Driver/Src/stm32f0xx_hal_gpio.o
                0x0000000008002814                HAL_GPIO_ReadPin
 .text.HAL_GPIO_WritePin
                0x000000000800284e       0x3a ./Drivers/STM32F0xx_HAL_Driver/Src/stm32f0xx_hal_gpio.o
                0x000000000800284e                HAL_GPIO_WritePin
 .text.HAL_RCC_OscConfig
                0x0000000008002888      0x70c ./Drivers/STM32F0xx_HAL_Driver/Src/stm32f0xx_hal_rcc.o
                0x0000000008002888                HAL_RCC_OscConfig
 .text.HAL_RCC_ClockConfig
                0x0000000008002f94      0x1b4 ./Drivers/STM32F0xx_HAL_Driver/Src/stm32f0xx_hal_rcc.o
                0x0000000008002f94                HAL_RCC_ClockConfig
 .text.HAL_RCC_GetSysClockFreq
                0x0000000008003148      0x100 ./Drivers/STM32F0xx_HAL_Driver/Src/stm32f0xx_hal_rcc.o
                0x0000000008003148                HAL_RCC_GetSysClockFreq
 .text.HAL_RCC_GetHCLKFreq
                0x0000000008003248       0x14 ./Drivers/STM32F0xx_HAL_Driver/Src/stm32f0xx_hal_rcc.o
                0x0000000008003248                HAL_RCC_GetHCLKFreq
 .text.HAL_RCC_GetPCLK1Freq
                0x000000000800325c       0x2c ./Drivers/STM32F0xx_HAL_Driver/Src/stm32f0xx_hal_rcc.o
                0x000000000800325c                HAL_RCC_GetPCLK1Freq
 .text.HAL_RCCEx_PeriphCLKConfig
                0x0000000008003288      0x1fc ./Drivers/STM32F0xx_HAL_Driver/Src/stm32f0xx_hal_rcc_ex.o
                0x0000000008003288                HAL_RCCEx_PeriphCLKConfig
 .text.HAL_SPI_Init
                0x0000000008003484      0x170 ./Drivers/STM32F0xx_HAL_Driver/Src/stm32f0xx_hal_spi.o
                0x0000000008003484                HAL_SPI_Init
 .text.HAL_SPI_TransmitReceive
                0x00000000080035f4      0x3a4 ./Drivers/STM32F0xx_HAL_Driver/Src/stm32f0xx_hal_spi.o
                0x00000000080035f4                HAL_SPI_TransmitReceive
 .text.SPI_WaitFlagStateUntilTimeout
                0x0000000008003998      0x11c ./Drivers/STM32F0xx_HAL_Driver/Src/stm32f0xx_hal_spi.o
 .text.SPI_WaitFifoStateUntilTimeout
                0x0000000008003ab4      0x144 ./Drivers/STM32F0xx_HAL_Driver/Src/stm32f0xx_hal_spi.o
 .text.SPI_EndRxTxTransaction
                0x0000000008003bf8       0x8c ./Drivers/STM32F0xx_HAL_Driver/Src/stm32f0xx_hal_spi.o
 .text.HAL_UART_Init
                0x0000000008003c84       0xa8 ./Drivers/STM32F0xx_HAL_Driver/Src/stm32f0xx_hal_uart.o
                0x0000000008003c84                HAL_UART_Init
 .text.HAL_UART_Transmit_IT
                0x0000000008003d2c      0x100 ./Drivers/STM32F0xx_HAL_Driver/Src/stm32f0xx_hal_uart.o
                0x0000000008003d2c                HAL_UART_Transmit_IT
 .text.HAL_UART_IRQHandler
                0x0000000008003e2c      0x5b0 ./Drivers/STM32F0xx_HAL_Driver/Src/stm32f0xx_hal_uart.o
                0x0000000008003e2c                HAL_UART_IRQHandler
 .text.HAL_UART_TxCpltCallback
                0x00000000080043dc       0x10 ./Drivers/STM32F0xx_HAL_Driver/Src/stm32f0xx_hal_uart.o
                0x00000000080043dc                HAL_UART_TxCpltCallback
 .text.HAL_UART_ErrorCallback
                0x00000000080043ec       0x10 ./Drivers/STM32F0xx_HAL_Driver/Src/stm32f0xx_hal_uart.o
                0x00000000080043ec                HAL_UART_ErrorCallback
 .text.HAL_UARTEx_RxEventCallback
                0x00000000080043fc       0x16 ./Drivers/STM32F0xx_HAL_Driver/Src/stm32f0xx_hal_uart.o
                0x00000000080043fc                HAL_UARTEx_RxEventCallback
 *fill*         0x0000000008004412        0x2 
 .text.UART_SetConfig
                0x0000000008004414      0x310 ./Drivers/STM32F0xx_HAL_Driver/Src/stm32f0xx_hal_uart.o
                0x0000000008004414                UART_SetConfig
 .text.UART_AdvFeatureConfig
                0x0000000008004724      0x168 ./Drivers/STM32F0xx_HAL_Driver/Src/stm32f0xx_hal_uart.o
                0x0000000008004724                UART_AdvFeatureConfig
 .text.UART_CheckIdleState
                0x000000000800488c       0x90 ./Drivers/STM32F0xx_HAL_Driver/Src/stm32f0xx_hal_uart.o
                0x000000000800488c                UART_CheckIdleState
 .text.UART_WaitOnFlagUntilTimeout
                0x000000000800491c      0x188 ./Drivers/STM32F0xx_HAL_Driver/Src/stm32f0xx_hal_uart.o
                0x000000000800491c                UART_WaitOnFlagUntilTimeout
 .text.UART_EndRxTransfer
                0x0000000008004aa4       0xc4 ./Drivers/STM32F0xx_HAL_Driver/Src/stm32f0xx_hal_uart.o
 .text.UART_DMAAbortOnError
                0x0000000008004b68       0x2e ./Drivers/STM32F0xx_HAL_Driver/Src/stm32f0xx_hal_uart.o
 .text.UART_TxISR_8BIT
                0x0000000008004b96       0xb4 ./Drivers/STM32F0xx_HAL_Driver/Src/stm32f0xx_hal_uart.o
 .text.UART_TxISR_16BIT
                0x0000000008004c4a       0xbc ./Drivers/STM32F0xx_HAL_Driver/Src/stm32f0xx_hal_uart.o
 .text.UART_EndTransmit_IT
                0x0000000008004d06       0x56 ./Drivers/STM32F0xx_HAL_Driver/Src/stm32f0xx_hal_uart.o
 .text.HAL_UARTEx_WakeupCallback
                0x0000000008004d5c       0x10 ./Drivers/STM32F0xx_HAL_Driver/Src/stm32f0xx_hal_uart_ex.o
                0x0000000008004d5c                HAL_UARTEx_WakeupCallback
 .text.socket   0x0000000008004d6c      0x238 ./Drivers/W5500/scr/socket.o
                0x0000000008004d6c                socket
 .text.close    0x0000000008004fa4       0xd0 ./Drivers/W5500/scr/socket.o
                0x0000000008004fa4                close
 .text.listen   0x0000000008005074       0xe2 ./Drivers/W5500/scr/socket.o
                0x0000000008005074                listen
 *fill*         0x0000000008005156        0x2 
 .text.send     0x0000000008005158      0x26c ./Drivers/W5500/scr/socket.o
                0x0000000008005158                send
 .text.recv     0x00000000080053c4      0x1d0 ./Drivers/W5500/scr/socket.o
                0x00000000080053c4                recv
 .text.WIZCHIP_READ
                0x0000000008005594       0x68 ./Drivers/W5500/scr/w5500.o
                0x0000000008005594                WIZCHIP_READ
 .text.WIZCHIP_WRITE
                0x00000000080055fc       0x70 ./Drivers/W5500/scr/w5500.o
                0x00000000080055fc                WIZCHIP_WRITE
 .text.WIZCHIP_READ_BUF
                0x000000000800566c       0xa0 ./Drivers/W5500/scr/w5500.o
                0x000000000800566c                WIZCHIP_READ_BUF
 .text.WIZCHIP_WRITE_BUF
                0x000000000800570c       0xa8 ./Drivers/W5500/scr/w5500.o
                0x000000000800570c                WIZCHIP_WRITE_BUF
 .text.getSn_TX_FSR
                0x00000000080057b4       0xd8 ./Drivers/W5500/scr/w5500.o
                0x00000000080057b4                getSn_TX_FSR
 .text.getSn_RX_RSR
                0x000000000800588c       0xd8 ./Drivers/W5500/scr/w5500.o
                0x000000000800588c                getSn_RX_RSR
 .text.wiz_send_data
                0x0000000008005964       0xf0 ./Drivers/W5500/scr/w5500.o
                0x0000000008005964                wiz_send_data
 .text.wiz_recv_data
                0x0000000008005a54       0xf0 ./Drivers/W5500/scr/w5500.o
                0x0000000008005a54                wiz_recv_data
 .text.wizchip_cris_enter
                0x0000000008005b44        0xa ./Drivers/W5500/scr/wizchip_conf.o
                0x0000000008005b44                wizchip_cris_enter
 .text.wizchip_cris_exit
                0x0000000008005b4e        0xa ./Drivers/W5500/scr/wizchip_conf.o
                0x0000000008005b4e                wizchip_cris_exit
 .text.wizchip_cs_select
                0x0000000008005b58        0xa ./Drivers/W5500/scr/wizchip_conf.o
                0x0000000008005b58                wizchip_cs_select
 .text.wizchip_cs_deselect
                0x0000000008005b62        0xa ./Drivers/W5500/scr/wizchip_conf.o
                0x0000000008005b62                wizchip_cs_deselect
 .text.wizchip_bus_readbyte
                0x0000000008005b6c       0x16 ./Drivers/W5500/scr/wizchip_conf.o
                0x0000000008005b6c                wizchip_bus_readbyte
 .text.wizchip_bus_writebyte
                0x0000000008005b82       0x1e ./Drivers/W5500/scr/wizchip_conf.o
                0x0000000008005b82                wizchip_bus_writebyte
 .text.wizchip_spi_readbyte
                0x0000000008005ba0        0xc ./Drivers/W5500/scr/wizchip_conf.o
                0x0000000008005ba0                wizchip_spi_readbyte
 .text.wizchip_spi_writebyte
                0x0000000008005bac       0x14 ./Drivers/W5500/scr/wizchip_conf.o
                0x0000000008005bac                wizchip_spi_writebyte
 .text.reg_wizchip_cs_cbfunc
                0x0000000008005bc0       0x48 ./Drivers/W5500/scr/wizchip_conf.o
                0x0000000008005bc0                reg_wizchip_cs_cbfunc
 .text.reg_wizchip_spi_cbfunc
                0x0000000008005c08       0x58 ./Drivers/W5500/scr/wizchip_conf.o
                0x0000000008005c08                reg_wizchip_spi_cbfunc
 .text.ctlwizchip
                0x0000000008005c60      0x1c4 ./Drivers/W5500/scr/wizchip_conf.o
                0x0000000008005c60                ctlwizchip
 .text.ctlnetwork
                0x0000000008005e24       0x78 ./Drivers/W5500/scr/wizchip_conf.o
                0x0000000008005e24                ctlnetwork
 .text.wizchip_sw_reset
                0x0000000008005e9c       0x92 ./Drivers/W5500/scr/wizchip_conf.o
                0x0000000008005e9c                wizchip_sw_reset
 .text.wizchip_init
                0x0000000008005f2e      0x18a ./Drivers/W5500/scr/wizchip_conf.o
                0x0000000008005f2e                wizchip_init
 .text.wizchip_clrinterrupt
                0x00000000080060b8       0x52 ./Drivers/W5500/scr/wizchip_conf.o
                0x00000000080060b8                wizchip_clrinterrupt
 .text.wizchip_getinterrupt
                0x000000000800610a       0x68 ./Drivers/W5500/scr/wizchip_conf.o
                0x000000000800610a                wizchip_getinterrupt
 .text.wizchip_setinterruptmask
                0x0000000008006172       0x4c ./Drivers/W5500/scr/wizchip_conf.o
                0x0000000008006172                wizchip_setinterruptmask
 .text.wizchip_getinterruptmask
                0x00000000080061be       0x60 ./Drivers/W5500/scr/wizchip_conf.o
                0x00000000080061be                wizchip_getinterruptmask
 .text.wizphy_getphylink
                0x000000000800621e       0x36 ./Drivers/W5500/scr/wizchip_conf.o
                0x000000000800621e                wizphy_getphylink
 .text.wizphy_getphypmode
                0x0000000008006254       0x3c ./Drivers/W5500/scr/wizchip_conf.o
                0x0000000008006254                wizphy_getphypmode
 .text.wizphy_reset
                0x0000000008006290       0x68 ./Drivers/W5500/scr/wizchip_conf.o
                0x0000000008006290                wizphy_reset
 .text.wizphy_setphyconf
                0x00000000080062f8       0xbc ./Drivers/W5500/scr/wizchip_conf.o
                0x00000000080062f8                wizphy_setphyconf
 .text.wizphy_getphyconf
                0x00000000080063b4       0xe0 ./Drivers/W5500/scr/wizchip_conf.o
                0x00000000080063b4                wizphy_getphyconf
 .text.wizphy_setphypmode
                0x0000000008006494       0xbe ./Drivers/W5500/scr/wizchip_conf.o
                0x0000000008006494                wizphy_setphypmode
 *fill*         0x0000000008006552        0x2 
 .text.wizchip_setnetinfo
                0x0000000008006554       0x84 ./Drivers/W5500/scr/wizchip_conf.o
                0x0000000008006554                wizchip_setnetinfo
 .text.wizchip_getnetinfo
                0x00000000080065d8       0x84 ./Drivers/W5500/scr/wizchip_conf.o
                0x00000000080065d8                wizchip_getnetinfo
 .text.wizchip_setnetmode
                0x000000000800665c       0x58 ./Drivers/W5500/scr/wizchip_conf.o
                0x000000000800665c                wizchip_setnetmode
 .text.wizchip_getnetmode
                0x00000000080066b4       0x12 ./Drivers/W5500/scr/wizchip_conf.o
                0x00000000080066b4                wizchip_getnetmode
 .text.wizchip_settimeout
                0x00000000080066c6       0x48 ./Drivers/W5500/scr/wizchip_conf.o
                0x00000000080066c6                wizchip_settimeout
 .text.wizchip_gettimeout
                0x000000000800670e       0x4a ./Drivers/W5500/scr/wizchip_conf.o
                0x000000000800670e                wizchip_gettimeout
 .text.__libc_init_array
                0x0000000008006758       0x48 c:/st/stm32cubeide_1.8.0/stm32cubeide/plugins/com.st.stm32cube.ide.mcu.externaltools.gnu-tools-for-stm32.9-2020-q2-update.win32_2.0.0.202105311346/tools/bin/../lib/gcc/arm-none-eabi/9.3.1/../../../../arm-none-eabi/lib/thumb/v6-m/nofp\libc_nano.a(lib_a-init.o)
                0x0000000008006758                __libc_init_array
 .text.memset   0x00000000080067a0       0x10 c:/st/stm32cubeide_1.8.0/stm32cubeide/plugins/com.st.stm32cube.ide.mcu.externaltools.gnu-tools-for-stm32.9-2020-q2-update.win32_2.0.0.202105311346/tools/bin/../lib/gcc/arm-none-eabi/9.3.1/../../../../arm-none-eabi/lib/thumb/v6-m/nofp\libc_nano.a(lib_a-memset.o)
                0x00000000080067a0                memset
 *(.glue_7)
 .glue_7        0x00000000080067b0        0x0 linker stubs
 *(.glue_7t)
 .glue_7t       0x00000000080067b0        0x0 linker stubs
 *(.eh_frame)
 .eh_frame      0x00000000080067b0        0x0 c:/st/stm32cubeide_1.8.0/stm32cubeide/plugins/com.st.stm32cube.ide.mcu.externaltools.gnu-tools-for-stm32.9-2020-q2-update.win32_2.0.0.202105311346/tools/bin/../lib/gcc/arm-none-eabi/9.3.1/thumb/v6-m/nofp/crtbegin.o
 *(.init)
 .init          0x00000000080067b0        0x4 c:/st/stm32cubeide_1.8.0/stm32cubeide/plugins/com.st.stm32cube.ide.mcu.externaltools.gnu-tools-for-stm32.9-2020-q2-update.win32_2.0.0.202105311346/tools/bin/../lib/gcc/arm-none-eabi/9.3.1/thumb/v6-m/nofp/crti.o
                0x00000000080067b0                _init
 .init          0x00000000080067b4        0x8 c:/st/stm32cubeide_1.8.0/stm32cubeide/plugins/com.st.stm32cube.ide.mcu.externaltools.gnu-tools-for-stm32.9-2020-q2-update.win32_2.0.0.202105311346/tools/bin/../lib/gcc/arm-none-eabi/9.3.1/thumb/v6-m/nofp/crtn.o
 *(.fini)
 .fini          0x00000000080067bc        0x4 c:/st/stm32cubeide_1.8.0/stm32cubeide/plugins/com.st.stm32cube.ide.mcu.externaltools.gnu-tools-for-stm32.9-2020-q2-update.win32_2.0.0.202105311346/tools/bin/../lib/gcc/arm-none-eabi/9.3.1/thumb/v6-m/nofp/crti.o
                0x00000000080067bc                _fini
 .fini          0x00000000080067c0        0x8 c:/st/stm32cubeide_1.8.0/stm32cubeide/plugins/com.st.stm32cube.ide.mcu.externaltools.gnu-tools-for-stm32.9-2020-q2-update.win32_2.0.0.202105311346/tools/bin/../lib/gcc/arm-none-eabi/9.3.1/thumb/v6-m/nofp/crtn.o
                0x00000000080067c8                . = ALIGN (0x4)
                0x00000000080067c8                _etext = .

.vfp11_veneer   0x00000000080067c8        0x0
 .vfp11_veneer  0x00000000080067c8        0x0 linker stubs

.v4_bx          0x00000000080067c8        0x0
 .v4_bx         0x00000000080067c8        0x0 linker stubs

.iplt           0x00000000080067c8        0x0
 .iplt          0x00000000080067c8        0x0 c:/st/stm32cubeide_1.8.0/stm32cubeide/plugins/com.st.stm32cube.ide.mcu.externaltools.gnu-tools-for-stm32.9-2020-q2-update.win32_2.0.0.202105311346/tools/bin/../lib/gcc/arm-none-eabi/9.3.1/thumb/v6-m/nofp/crtbegin.o

.rodata         0x00000000080067c8       0xa0
                0x00000000080067c8                . = ALIGN (0x4)
 *(.rodata)
 .rodata        0x00000000080067c8       0x10 ./Core/Src/server_sett.o
 .rodata        0x00000000080067d8       0x20 ./Drivers/STM32F0xx_HAL_Driver/Src/stm32f0xx_hal_rcc.o
 *(.rodata*)
 .rodata.AHBPrescTable
                0x00000000080067f8       0x10 ./Core/Src/system_stm32f0xx.o
                0x00000000080067f8                AHBPrescTable
 .rodata.APBPrescTable
                0x0000000008006808        0x8 ./Core/Src/system_stm32f0xx.o
                0x0000000008006808                APBPrescTable
 .rodata.ctlwizchip
                0x0000000008006810       0x40 ./Drivers/W5500/scr/wizchip_conf.o
 .rodata.ctlnetwork
                0x0000000008006850       0x18 ./Drivers/W5500/scr/wizchip_conf.o
                0x0000000008006868                . = ALIGN (0x4)

.rel.dyn        0x0000000008006868        0x0
 .rel.iplt      0x0000000008006868        0x0 c:/st/stm32cubeide_1.8.0/stm32cubeide/plugins/com.st.stm32cube.ide.mcu.externaltools.gnu-tools-for-stm32.9-2020-q2-update.win32_2.0.0.202105311346/tools/bin/../lib/gcc/arm-none-eabi/9.3.1/thumb/v6-m/nofp/crtbegin.o

.ARM.extab      0x0000000008006868        0x0
                0x0000000008006868                . = ALIGN (0x4)
 *(.ARM.extab* .gnu.linkonce.armextab.*)
                0x0000000008006868                . = ALIGN (0x4)

.ARM            0x0000000008006868        0x0
                0x0000000008006868                . = ALIGN (0x4)
                0x0000000008006868                __exidx_start = .
 *(.ARM.exidx*)
                0x0000000008006868                __exidx_end = .
                0x0000000008006868                . = ALIGN (0x4)

.preinit_array  0x0000000008006868        0x0
                0x0000000008006868                . = ALIGN (0x4)
                0x0000000008006868                PROVIDE (__preinit_array_start = .)
 *(.preinit_array*)
                0x0000000008006868                PROVIDE (__preinit_array_end = .)
                0x0000000008006868                . = ALIGN (0x4)

.init_array     0x0000000008006868        0x4
                0x0000000008006868                . = ALIGN (0x4)
                0x0000000008006868                PROVIDE (__init_array_start = .)
 *(SORT_BY_NAME(.init_array.*))
 *(.init_array*)
 .init_array    0x0000000008006868        0x4 c:/st/stm32cubeide_1.8.0/stm32cubeide/plugins/com.st.stm32cube.ide.mcu.externaltools.gnu-tools-for-stm32.9-2020-q2-update.win32_2.0.0.202105311346/tools/bin/../lib/gcc/arm-none-eabi/9.3.1/thumb/v6-m/nofp/crtbegin.o
                0x000000000800686c                PROVIDE (__init_array_end = .)
                0x000000000800686c                . = ALIGN (0x4)

.fini_array     0x000000000800686c        0x4
                0x000000000800686c                . = ALIGN (0x4)
                [!provide]                        PROVIDE (__fini_array_start = .)
 *(SORT_BY_NAME(.fini_array.*))
 *(.fini_array*)
 .fini_array    0x000000000800686c        0x4 c:/st/stm32cubeide_1.8.0/stm32cubeide/plugins/com.st.stm32cube.ide.mcu.externaltools.gnu-tools-for-stm32.9-2020-q2-update.win32_2.0.0.202105311346/tools/bin/../lib/gcc/arm-none-eabi/9.3.1/thumb/v6-m/nofp/crtbegin.o
                [!provide]                        PROVIDE (__fini_array_end = .)
                0x0000000008006870                . = ALIGN (0x4)
                0x0000000008006870                _sidata = LOADADDR (.data)

.data           0x0000000020000000       0x44 load address 0x0000000008006870
                0x0000000020000000                . = ALIGN (0x4)
                0x0000000020000000                _sdata = .
 *(.data)
 *(.data*)
 .data.gWIZNETINFO
                0x0000000020000000       0x17 ./Core/Src/server_sett.o
                0x0000000020000000                gWIZNETINFO
 *fill*         0x0000000020000017        0x1 
 .data.SystemCoreClock
                0x0000000020000018        0x4 ./Core/Src/system_stm32f0xx.o
                0x0000000020000018                SystemCoreClock
 .data.uwTickPrio
                0x000000002000001c        0x4 ./Drivers/STM32F0xx_HAL_Driver/Src/stm32f0xx_hal.o
                0x000000002000001c                uwTickPrio
 .data.uwTickFreq
                0x0000000020000020        0x1 ./Drivers/STM32F0xx_HAL_Driver/Src/stm32f0xx_hal.o
                0x0000000020000020                uwTickFreq
 *fill*         0x0000000020000021        0x1 
 .data.sock_any_port
                0x0000000020000022        0x2 ./Drivers/W5500/scr/socket.o
 .data.WIZCHIP  0x0000000020000024       0x20 ./Drivers/W5500/scr/wizchip_conf.o
                0x0000000020000024                WIZCHIP
 *(.RamFunc)
 *(.RamFunc*)
                0x0000000020000044                . = ALIGN (0x4)
                0x0000000020000044                _edata = .

.igot.plt       0x0000000020000044        0x0 load address 0x00000000080068b4
 .igot.plt      0x0000000020000044        0x0 c:/st/stm32cubeide_1.8.0/stm32cubeide/plugins/com.st.stm32cube.ide.mcu.externaltools.gnu-tools-for-stm32.9-2020-q2-update.win32_2.0.0.202105311346/tools/bin/../lib/gcc/arm-none-eabi/9.3.1/thumb/v6-m/nofp/crtbegin.o
                0x0000000020000044                . = ALIGN (0x4)

.bss            0x0000000020000044      0x220 load address 0x00000000080068b4
                0x0000000020000044                _sbss = .
                0x0000000020000044                __bss_start__ = _sbss
 *(.bss)
 .bss           0x0000000020000044       0x1c c:/st/stm32cubeide_1.8.0/stm32cubeide/plugins/com.st.stm32cube.ide.mcu.externaltools.gnu-tools-for-stm32.9-2020-q2-update.win32_2.0.0.202105311346/tools/bin/../lib/gcc/arm-none-eabi/9.3.1/thumb/v6-m/nofp/crtbegin.o
 *(.bss*)
 .bss.sock_io_mode
                0x0000000020000060        0x2 ./Drivers/W5500/scr/socket.o
 .bss.sock_is_sending
                0x0000000020000062        0x2 ./Drivers/W5500/scr/socket.o
 .bss.sock_remained_size
                0x0000000020000064       0x10 ./Drivers/W5500/scr/socket.o
 .bss.sock_pack_info
                0x0000000020000074        0x8 ./Drivers/W5500/scr/socket.o
 .bss._DNS_     0x000000002000007c        0x4 ./Drivers/W5500/scr/wizchip_conf.o
 .bss._DHCP_    0x0000000020000080        0x1 ./Drivers/W5500/scr/wizchip_conf.o
 *(COMMON)
 *fill*         0x0000000020000081        0x3 
 COMMON         0x0000000020000084      0x180 ./Core/Src/main.o
                0x0000000020000084                hspi2
                0x00000000200000e8                huart1
                0x000000002000016c                hdac
                0x0000000020000180                hdma_adc
                0x00000000200001c4                hadc
 COMMON         0x0000000020000204       0x5c ./Core/Src/server_sett.o
                0x0000000020000204                http_state
                0x000000002000020c                gDATABUF
                0x0000000020000240                sentsize
 COMMON         0x0000000020000260        0x4 ./Drivers/STM32F0xx_HAL_Driver/Src/stm32f0xx_hal.o
                0x0000000020000260                uwTick
                0x0000000020000264                . = ALIGN (0x4)
                0x0000000020000264                _ebss = .
                0x0000000020000264                __bss_end__ = _ebss

._user_heap_stack
                0x0000000020000264      0x604 load address 0x00000000080068b4
                0x0000000020000268                . = ALIGN (0x8)
 *fill*         0x0000000020000264        0x4 
                [!provide]                        PROVIDE (end = .)
                0x0000000020000268                PROVIDE (_end = .)
                0x0000000020000468                . = (. + _Min_Heap_Size)
 *fill*         0x0000000020000268      0x200 
                0x0000000020000868                . = (. + _Min_Stack_Size)
 *fill*         0x0000000020000468      0x400 
                0x0000000020000868                . = ALIGN (0x8)

/DISCARD/
 libc.a(*)
 libm.a(*)
 libgcc.a(*)

.ARM.attributes
                0x0000000000000000       0x28
 *(.ARM.attributes)
 .ARM.attributes
                0x0000000000000000       0x1e c:/st/stm32cubeide_1.8.0/stm32cubeide/plugins/com.st.stm32cube.ide.mcu.externaltools.gnu-tools-for-stm32.9-2020-q2-update.win32_2.0.0.202105311346/tools/bin/../lib/gcc/arm-none-eabi/9.3.1/thumb/v6-m/nofp/crti.o
 .ARM.attributes
                0x000000000000001e       0x2c c:/st/stm32cubeide_1.8.0/stm32cubeide/plugins/com.st.stm32cube.ide.mcu.externaltools.gnu-tools-for-stm32.9-2020-q2-update.win32_2.0.0.202105311346/tools/bin/../lib/gcc/arm-none-eabi/9.3.1/thumb/v6-m/nofp/crtbegin.o
 .ARM.attributes
                0x000000000000004a       0x2c ./Core/Src/global.o
 .ARM.attributes
                0x0000000000000076       0x2c ./Core/Src/main.o
 .ARM.attributes
                0x00000000000000a2       0x2c ./Core/Src/server_sett.o
 .ARM.attributes
                0x00000000000000ce       0x2c ./Core/Src/stm32f0xx_hal_msp.o
 .ARM.attributes
                0x00000000000000fa       0x2c ./Core/Src/stm32f0xx_it.o
 .ARM.attributes
                0x0000000000000126       0x2c ./Core/Src/system_stm32f0xx.o
 .ARM.attributes
                0x0000000000000152       0x2c ./Core/Src/tcp_server.o
 .ARM.attributes
                0x000000000000017e       0x2c ./Core/Src/user.o
 .ARM.attributes
                0x00000000000001aa       0x21 ./Core/Startup/startup_stm32f072c8tx.o
 .ARM.attributes
                0x00000000000001cb       0x2c ./Drivers/STM32F0xx_HAL_Driver/Src/stm32f0xx_hal.o
 .ARM.attributes
                0x00000000000001f7       0x2c ./Drivers/STM32F0xx_HAL_Driver/Src/stm32f0xx_hal_adc.o
 .ARM.attributes
                0x0000000000000223       0x2c ./Drivers/STM32F0xx_HAL_Driver/Src/stm32f0xx_hal_adc_ex.o
 .ARM.attributes
                0x000000000000024f       0x2c ./Drivers/STM32F0xx_HAL_Driver/Src/stm32f0xx_hal_cortex.o
 .ARM.attributes
                0x000000000000027b       0x2c ./Drivers/STM32F0xx_HAL_Driver/Src/stm32f0xx_hal_dac.o
 .ARM.attributes
                0x00000000000002a7       0x2c ./Drivers/STM32F0xx_HAL_Driver/Src/stm32f0xx_hal_dac_ex.o
 .ARM.attributes
                0x00000000000002d3       0x2c ./Drivers/STM32F0xx_HAL_Driver/Src/stm32f0xx_hal_dma.o
 .ARM.attributes
                0x00000000000002ff       0x2c ./Drivers/STM32F0xx_HAL_Driver/Src/stm32f0xx_hal_gpio.o
 .ARM.attributes
                0x000000000000032b       0x2c ./Drivers/STM32F0xx_HAL_Driver/Src/stm32f0xx_hal_rcc.o
 .ARM.attributes
                0x0000000000000357       0x2c ./Drivers/STM32F0xx_HAL_Driver/Src/stm32f0xx_hal_rcc_ex.o
 .ARM.attributes
                0x0000000000000383       0x2c ./Drivers/STM32F0xx_HAL_Driver/Src/stm32f0xx_hal_spi.o
 .ARM.attributes
                0x00000000000003af       0x2c ./Drivers/STM32F0xx_HAL_Driver/Src/stm32f0xx_hal_uart.o
 .ARM.attributes
                0x00000000000003db       0x2c ./Drivers/STM32F0xx_HAL_Driver/Src/stm32f0xx_hal_uart_ex.o
 .ARM.attributes
                0x0000000000000407       0x2c ./Drivers/W5500/scr/socket.o
 .ARM.attributes
                0x0000000000000433       0x2c ./Drivers/W5500/scr/w5500.o
 .ARM.attributes
                0x000000000000045f       0x2c ./Drivers/W5500/scr/wizchip_conf.o
 .ARM.attributes
                0x000000000000048b       0x2c c:/st/stm32cubeide_1.8.0/stm32cubeide/plugins/com.st.stm32cube.ide.mcu.externaltools.gnu-tools-for-stm32.9-2020-q2-update.win32_2.0.0.202105311346/tools/bin/../lib/gcc/arm-none-eabi/9.3.1/../../../../arm-none-eabi/lib/thumb/v6-m/nofp\libc_nano.a(lib_a-init.o)
 .ARM.attributes
                0x00000000000004b7       0x2c c:/st/stm32cubeide_1.8.0/stm32cubeide/plugins/com.st.stm32cube.ide.mcu.externaltools.gnu-tools-for-stm32.9-2020-q2-update.win32_2.0.0.202105311346/tools/bin/../lib/gcc/arm-none-eabi/9.3.1/../../../../arm-none-eabi/lib/thumb/v6-m/nofp\libc_nano.a(lib_a-memset.o)
 .ARM.attributes
                0x00000000000004e3       0x1e c:/st/stm32cubeide_1.8.0/stm32cubeide/plugins/com.st.stm32cube.ide.mcu.externaltools.gnu-tools-for-stm32.9-2020-q2-update.win32_2.0.0.202105311346/tools/bin/../lib/gcc/arm-none-eabi/9.3.1/thumb/v6-m/nofp\libgcc.a(_udivsi3.o)
 .ARM.attributes
                0x0000000000000501       0x1e c:/st/stm32cubeide_1.8.0/stm32cubeide/plugins/com.st.stm32cube.ide.mcu.externaltools.gnu-tools-for-stm32.9-2020-q2-update.win32_2.0.0.202105311346/tools/bin/../lib/gcc/arm-none-eabi/9.3.1/thumb/v6-m/nofp\libgcc.a(_dvmd_tls.o)
 .ARM.attributes
                0x000000000000051f       0x1e c:/st/stm32cubeide_1.8.0/stm32cubeide/plugins/com.st.stm32cube.ide.mcu.externaltools.gnu-tools-for-stm32.9-2020-q2-update.win32_2.0.0.202105311346/tools/bin/../lib/gcc/arm-none-eabi/9.3.1/thumb/v6-m/nofp/crtn.o
OUTPUT(RTU-F072C8T6.elf elf32-littlearm)
LOAD linker stubs
LOAD c:/st/stm32cubeide_1.8.0/stm32cubeide/plugins/com.st.stm32cube.ide.mcu.externaltools.gnu-tools-for-stm32.9-2020-q2-update.win32_2.0.0.202105311346/tools/bin/../lib/gcc/arm-none-eabi/9.3.1/../../../../arm-none-eabi/lib/thumb/v6-m/nofp\libc.a
LOAD c:/st/stm32cubeide_1.8.0/stm32cubeide/plugins/com.st.stm32cube.ide.mcu.externaltools.gnu-tools-for-stm32.9-2020-q2-update.win32_2.0.0.202105311346/tools/bin/../lib/gcc/arm-none-eabi/9.3.1/../../../../arm-none-eabi/lib/thumb/v6-m/nofp\libm.a
LOAD c:/st/stm32cubeide_1.8.0/stm32cubeide/plugins/com.st.stm32cube.ide.mcu.externaltools.gnu-tools-for-stm32.9-2020-q2-update.win32_2.0.0.202105311346/tools/bin/../lib/gcc/arm-none-eabi/9.3.1/thumb/v6-m/nofp\libgcc.a

.debug_info     0x0000000000000000    0x17cbb
 .debug_info    0x0000000000000000     0x1c68 ./Core/Src/global.o
 .debug_info    0x0000000000001c68     0x2028 ./Core/Src/main.o
 .debug_info    0x0000000000003c90     0x14c5 ./Core/Src/server_sett.o
 .debug_info    0x0000000000005155     0x1e8b ./Core/Src/stm32f0xx_hal_msp.o
 .debug_info    0x0000000000006fe0     0x15b5 ./Core/Src/stm32f0xx_it.o
 .debug_info    0x0000000000008595      0x2c3 ./Core/Src/system_stm32f0xx.o
 .debug_info    0x0000000000008858     0x1238 ./Core/Src/tcp_server.o
 .debug_info    0x0000000000009a90     0x13a6 ./Core/Src/user.o
 .debug_info    0x000000000000ae36       0x22 ./Core/Startup/startup_stm32f072c8tx.o
 .debug_info    0x000000000000ae58      0x717 ./Drivers/STM32F0xx_HAL_Driver/Src/stm32f0xx_hal.o
 .debug_info    0x000000000000b56f      0xd6c ./Drivers/STM32F0xx_HAL_Driver/Src/stm32f0xx_hal_adc.o
 .debug_info    0x000000000000c2db      0x666 ./Drivers/STM32F0xx_HAL_Driver/Src/stm32f0xx_hal_adc_ex.o
 .debug_info    0x000000000000c941      0x7e8 ./Drivers/STM32F0xx_HAL_Driver/Src/stm32f0xx_hal_cortex.o
 .debug_info    0x000000000000d129      0x971 ./Drivers/STM32F0xx_HAL_Driver/Src/stm32f0xx_hal_dac.o
 .debug_info    0x000000000000da9a      0xa48 ./Drivers/STM32F0xx_HAL_Driver/Src/stm32f0xx_hal_dac_ex.o
 .debug_info    0x000000000000e4e2      0x814 ./Drivers/STM32F0xx_HAL_Driver/Src/stm32f0xx_hal_dma.o
 .debug_info    0x000000000000ecf6      0x6ed ./Drivers/STM32F0xx_HAL_Driver/Src/stm32f0xx_hal_gpio.o
 .debug_info    0x000000000000f3e3      0x8b1 ./Drivers/STM32F0xx_HAL_Driver/Src/stm32f0xx_hal_rcc.o
 .debug_info    0x000000000000fc94      0x6da ./Drivers/STM32F0xx_HAL_Driver/Src/stm32f0xx_hal_rcc_ex.o
 .debug_info    0x000000000001036e     0x17c1 ./Drivers/STM32F0xx_HAL_Driver/Src/stm32f0xx_hal_spi.o
 .debug_info    0x0000000000011b2f     0x3c1f ./Drivers/STM32F0xx_HAL_Driver/Src/stm32f0xx_hal_uart.o
 .debug_info    0x000000000001574e      0xc8f ./Drivers/STM32F0xx_HAL_Driver/Src/stm32f0xx_hal_uart_ex.o
 .debug_info    0x00000000000163dd      0x809 ./Drivers/W5500/scr/socket.o
 .debug_info    0x0000000000016be6      0x50e ./Drivers/W5500/scr/w5500.o
 .debug_info    0x00000000000170f4      0xbc7 ./Drivers/W5500/scr/wizchip_conf.o

.debug_abbrev   0x0000000000000000     0x3707
 .debug_abbrev  0x0000000000000000      0x2c7 ./Core/Src/global.o
 .debug_abbrev  0x00000000000002c7      0x32f ./Core/Src/main.o
 .debug_abbrev  0x00000000000005f6      0x2f2 ./Core/Src/server_sett.o
 .debug_abbrev  0x00000000000008e8      0x2bf ./Core/Src/stm32f0xx_hal_msp.o
 .debug_abbrev  0x0000000000000ba7      0x240 ./Core/Src/stm32f0xx_it.o
 .debug_abbrev  0x0000000000000de7      0x145 ./Core/Src/system_stm32f0xx.o
 .debug_abbrev  0x0000000000000f2c      0x259 ./Core/Src/tcp_server.o
 .debug_abbrev  0x0000000000001185      0x240 ./Core/Src/user.o
 .debug_abbrev  0x00000000000013c5       0x12 ./Core/Startup/startup_stm32f072c8tx.o
 .debug_abbrev  0x00000000000013d7      0x1ed ./Drivers/STM32F0xx_HAL_Driver/Src/stm32f0xx_hal.o
 .debug_abbrev  0x00000000000015c4      0x231 ./Drivers/STM32F0xx_HAL_Driver/Src/stm32f0xx_hal_adc.o
 .debug_abbrev  0x00000000000017f5      0x189 ./Drivers/STM32F0xx_HAL_Driver/Src/stm32f0xx_hal_adc_ex.o
 .debug_abbrev  0x000000000000197e      0x2a9 ./Drivers/STM32F0xx_HAL_Driver/Src/stm32f0xx_hal_cortex.o
 .debug_abbrev  0x0000000000001c27      0x1d6 ./Drivers/STM32F0xx_HAL_Driver/Src/stm32f0xx_hal_dac.o
 .debug_abbrev  0x0000000000001dfd      0x230 ./Drivers/STM32F0xx_HAL_Driver/Src/stm32f0xx_hal_dac_ex.o
 .debug_abbrev  0x000000000000202d      0x242 ./Drivers/STM32F0xx_HAL_Driver/Src/stm32f0xx_hal_dma.o
 .debug_abbrev  0x000000000000226f      0x1e8 ./Drivers/STM32F0xx_HAL_Driver/Src/stm32f0xx_hal_gpio.o
 .debug_abbrev  0x0000000000002457      0x23b ./Drivers/STM32F0xx_HAL_Driver/Src/stm32f0xx_hal_rcc.o
 .debug_abbrev  0x0000000000002692      0x1c9 ./Drivers/STM32F0xx_HAL_Driver/Src/stm32f0xx_hal_rcc_ex.o
 .debug_abbrev  0x000000000000285b      0x254 ./Drivers/STM32F0xx_HAL_Driver/Src/stm32f0xx_hal_spi.o
 .debug_abbrev  0x0000000000002aaf      0x2b1 ./Drivers/STM32F0xx_HAL_Driver/Src/stm32f0xx_hal_uart.o
 .debug_abbrev  0x0000000000002d60      0x28f ./Drivers/STM32F0xx_HAL_Driver/Src/stm32f0xx_hal_uart_ex.o
 .debug_abbrev  0x0000000000002fef      0x223 ./Drivers/W5500/scr/socket.o
 .debug_abbrev  0x0000000000003212      0x1f1 ./Drivers/W5500/scr/w5500.o
 .debug_abbrev  0x0000000000003403      0x304 ./Drivers/W5500/scr/wizchip_conf.o

.debug_aranges  0x0000000000000000      0xe78
 .debug_aranges
                0x0000000000000000       0x48 ./Core/Src/global.o
 .debug_aranges
                0x0000000000000048       0x60 ./Core/Src/main.o
 .debug_aranges
                0x00000000000000a8       0x58 ./Core/Src/server_sett.o
 .debug_aranges
                0x0000000000000100       0x60 ./Core/Src/stm32f0xx_hal_msp.o
 .debug_aranges
                0x0000000000000160       0x50 ./Core/Src/stm32f0xx_it.o
 .debug_aranges
                0x00000000000001b0       0x28 ./Core/Src/system_stm32f0xx.o
 .debug_aranges
                0x00000000000001d8       0x20 ./Core/Src/tcp_server.o
 .debug_aranges
                0x00000000000001f8       0x20 ./Core/Src/user.o
 .debug_aranges
                0x0000000000000218       0x28 ./Core/Startup/startup_stm32f072c8tx.o
 .debug_aranges
                0x0000000000000240       0xd0 ./Drivers/STM32F0xx_HAL_Driver/Src/stm32f0xx_hal.o
 .debug_aranges
                0x0000000000000310       0xf8 ./Drivers/STM32F0xx_HAL_Driver/Src/stm32f0xx_hal_adc.o
 .debug_aranges
                0x0000000000000408       0x20 ./Drivers/STM32F0xx_HAL_Driver/Src/stm32f0xx_hal_adc_ex.o
 .debug_aranges
                0x0000000000000428       0xc0 ./Drivers/STM32F0xx_HAL_Driver/Src/stm32f0xx_hal_cortex.o
 .debug_aranges
                0x00000000000004e8       0xa8 ./Drivers/STM32F0xx_HAL_Driver/Src/stm32f0xx_hal_dac.o
 .debug_aranges
                0x0000000000000590       0xb0 ./Drivers/STM32F0xx_HAL_Driver/Src/stm32f0xx_hal_dac_ex.o
 .debug_aranges
                0x0000000000000640       0x88 ./Drivers/STM32F0xx_HAL_Driver/Src/stm32f0xx_hal_dma.o
 .debug_aranges
                0x00000000000006c8       0x58 ./Drivers/STM32F0xx_HAL_Driver/Src/stm32f0xx_hal_gpio.o
 .debug_aranges
                0x0000000000000720       0x80 ./Drivers/STM32F0xx_HAL_Driver/Src/stm32f0xx_hal_rcc.o
 .debug_aranges
                0x00000000000007a0       0x78 ./Drivers/STM32F0xx_HAL_Driver/Src/stm32f0xx_hal_rcc_ex.o
 .debug_aranges
                0x0000000000000818      0x1d8 ./Drivers/STM32F0xx_HAL_Driver/Src/stm32f0xx_hal_spi.o
 .debug_aranges
                0x00000000000009f0      0x228 ./Drivers/STM32F0xx_HAL_Driver/Src/stm32f0xx_hal_uart.o
 .debug_aranges
                0x0000000000000c18       0x68 ./Drivers/STM32F0xx_HAL_Driver/Src/stm32f0xx_hal_uart_ex.o
 .debug_aranges
                0x0000000000000c80       0x78 ./Drivers/W5500/scr/socket.o
 .debug_aranges
                0x0000000000000cf8       0x60 ./Drivers/W5500/scr/w5500.o
 .debug_aranges
                0x0000000000000d58      0x120 ./Drivers/W5500/scr/wizchip_conf.o

.debug_ranges   0x0000000000000000      0xd20
 .debug_ranges  0x0000000000000000       0x38 ./Core/Src/global.o
 .debug_ranges  0x0000000000000038       0x50 ./Core/Src/main.o
 .debug_ranges  0x0000000000000088       0x48 ./Core/Src/server_sett.o
 .debug_ranges  0x00000000000000d0       0x50 ./Core/Src/stm32f0xx_hal_msp.o
 .debug_ranges  0x0000000000000120       0x40 ./Core/Src/stm32f0xx_it.o
 .debug_ranges  0x0000000000000160       0x18 ./Core/Src/system_stm32f0xx.o
 .debug_ranges  0x0000000000000178       0x10 ./Core/Src/tcp_server.o
 .debug_ranges  0x0000000000000188       0x10 ./Core/Src/user.o
 .debug_ranges  0x0000000000000198       0x20 ./Core/Startup/startup_stm32f072c8tx.o
 .debug_ranges  0x00000000000001b8       0xc0 ./Drivers/STM32F0xx_HAL_Driver/Src/stm32f0xx_hal.o
 .debug_ranges  0x0000000000000278       0xe8 ./Drivers/STM32F0xx_HAL_Driver/Src/stm32f0xx_hal_adc.o
 .debug_ranges  0x0000000000000360       0x10 ./Drivers/STM32F0xx_HAL_Driver/Src/stm32f0xx_hal_adc_ex.o
 .debug_ranges  0x0000000000000370       0xb0 ./Drivers/STM32F0xx_HAL_Driver/Src/stm32f0xx_hal_cortex.o
 .debug_ranges  0x0000000000000420       0x98 ./Drivers/STM32F0xx_HAL_Driver/Src/stm32f0xx_hal_dac.o
 .debug_ranges  0x00000000000004b8       0xa0 ./Drivers/STM32F0xx_HAL_Driver/Src/stm32f0xx_hal_dac_ex.o
 .debug_ranges  0x0000000000000558       0x78 ./Drivers/STM32F0xx_HAL_Driver/Src/stm32f0xx_hal_dma.o
 .debug_ranges  0x00000000000005d0       0x48 ./Drivers/STM32F0xx_HAL_Driver/Src/stm32f0xx_hal_gpio.o
 .debug_ranges  0x0000000000000618       0x70 ./Drivers/STM32F0xx_HAL_Driver/Src/stm32f0xx_hal_rcc.o
 .debug_ranges  0x0000000000000688       0x68 ./Drivers/STM32F0xx_HAL_Driver/Src/stm32f0xx_hal_rcc_ex.o
 .debug_ranges  0x00000000000006f0      0x1c8 ./Drivers/STM32F0xx_HAL_Driver/Src/stm32f0xx_hal_spi.o
 .debug_ranges  0x00000000000008b8      0x248 ./Drivers/STM32F0xx_HAL_Driver/Src/stm32f0xx_hal_uart.o
 .debug_ranges  0x0000000000000b00       0x58 ./Drivers/STM32F0xx_HAL_Driver/Src/stm32f0xx_hal_uart_ex.o
 .debug_ranges  0x0000000000000b58       0x68 ./Drivers/W5500/scr/socket.o
 .debug_ranges  0x0000000000000bc0       0x50 ./Drivers/W5500/scr/w5500.o
 .debug_ranges  0x0000000000000c10      0x110 ./Drivers/W5500/scr/wizchip_conf.o

.debug_macro    0x0000000000000000    0x1c59d
 .debug_macro   0x0000000000000000      0x3fb ./Core/Src/global.o
 .debug_macro   0x00000000000003fb      0xa7e ./Core/Src/global.o
 .debug_macro   0x0000000000000e79      0x13f ./Core/Src/global.o
 .debug_macro   0x0000000000000fb8       0x2e ./Core/Src/global.o
 .debug_macro   0x0000000000000fe6       0x22 ./Core/Src/global.o
 .debug_macro   0x0000000000001008       0x22 ./Core/Src/global.o
 .debug_macro   0x000000000000102a       0x8e ./Core/Src/global.o
 .debug_macro   0x00000000000010b8       0x51 ./Core/Src/global.o
 .debug_macro   0x0000000000001109      0x103 ./Core/Src/global.o
 .debug_macro   0x000000000000120c       0x6a ./Core/Src/global.o
 .debug_macro   0x0000000000001276      0x1df ./Core/Src/global.o
 .debug_macro   0x0000000000001455       0x1c ./Core/Src/global.o
 .debug_macro   0x0000000000001471       0x22 ./Core/Src/global.o
 .debug_macro   0x0000000000001493       0xb5 ./Core/Src/global.o
 .debug_macro   0x0000000000001548      0x391 ./Core/Src/global.o
 .debug_macro   0x00000000000018d9     0xfe57 ./Core/Src/global.o
 .debug_macro   0x0000000000011730       0x66 ./Core/Src/global.o
 .debug_macro   0x0000000000011796     0x34a6 ./Core/Src/global.o
 .debug_macro   0x0000000000014c3c      0x174 ./Core/Src/global.o
 .debug_macro   0x0000000000014db0       0x55 ./Core/Src/global.o
 .debug_macro   0x0000000000014e05      0x946 ./Core/Src/global.o
 .debug_macro   0x000000000001574b      0x5f3 ./Core/Src/global.o
 .debug_macro   0x0000000000015d3e      0x1af ./Core/Src/global.o
 .debug_macro   0x0000000000015eed      0x1a7 ./Core/Src/global.o
 .debug_macro   0x0000000000016094      0x1a7 ./Core/Src/global.o
 .debug_macro   0x000000000001623b      0x22c ./Core/Src/global.o
 .debug_macro   0x0000000000016467       0x34 ./Core/Src/global.o
 .debug_macro   0x000000000001649b       0x43 ./Core/Src/global.o
 .debug_macro   0x00000000000164de       0x28 ./Core/Src/global.o
 .debug_macro   0x0000000000016506      0x33d ./Core/Src/global.o
 .debug_macro   0x0000000000016843       0xd4 ./Core/Src/global.o
 .debug_macro   0x0000000000016917       0xd5 ./Core/Src/global.o
 .debug_macro   0x00000000000169ec       0xed ./Core/Src/global.o
 .debug_macro   0x0000000000016ad9       0xb0 ./Core/Src/global.o
 .debug_macro   0x0000000000016b89      0x217 ./Core/Src/global.o
 .debug_macro   0x0000000000016da0      0x22c ./Core/Src/global.o
 .debug_macro   0x0000000000016fcc       0x61 ./Core/Src/global.o
 .debug_macro   0x000000000001702d       0xa5 ./Core/Src/global.o
 .debug_macro   0x00000000000170d2       0x4c ./Core/Src/global.o
 .debug_macro   0x000000000001711e      0x16d ./Core/Src/global.o
 .debug_macro   0x000000000001728b      0x2fe ./Core/Src/global.o
 .debug_macro   0x0000000000017589      0x5a5 ./Core/Src/global.o
 .debug_macro   0x0000000000017b2e       0x44 ./Core/Src/global.o
 .debug_macro   0x0000000000017b72      0x130 ./Core/Src/global.o
 .debug_macro   0x0000000000017ca2       0x46 ./Core/Src/global.o
 .debug_macro   0x0000000000017ce8      0x5d9 ./Core/Src/global.o
 .debug_macro   0x00000000000182c1       0x66 ./Core/Src/global.o
 .debug_macro   0x0000000000018327       0xcf ./Core/Src/global.o
 .debug_macro   0x00000000000183f6       0x46 ./Core/Src/global.o
 .debug_macro   0x000000000001843c       0x52 ./Core/Src/global.o
 .debug_macro   0x000000000001848e       0x18 ./Core/Src/global.o
 .debug_macro   0x00000000000184a6       0x3c ./Core/Src/global.o
 .debug_macro   0x00000000000184e2       0x34 ./Core/Src/global.o
 .debug_macro   0x0000000000018516       0x16 ./Core/Src/global.o
 .debug_macro   0x000000000001852c       0x35 ./Core/Src/global.o
 .debug_macro   0x0000000000018561      0x333 ./Core/Src/global.o
 .debug_macro   0x0000000000018894       0x10 ./Core/Src/global.o
 .debug_macro   0x00000000000188a4       0x16 ./Core/Src/global.o
 .debug_macro   0x00000000000188ba       0x43 ./Core/Src/global.o
 .debug_macro   0x00000000000188fd       0x34 ./Core/Src/global.o
 .debug_macro   0x0000000000018931       0x10 ./Core/Src/global.o
 .debug_macro   0x0000000000018941       0x58 ./Core/Src/global.o
 .debug_macro   0x0000000000018999       0x71 ./Core/Src/global.o
 .debug_macro   0x0000000000018a0a       0x1c ./Core/Src/global.o
 .debug_macro   0x0000000000018a26      0x12a ./Core/Src/global.o
 .debug_macro   0x0000000000018b50       0x10 ./Core/Src/global.o
 .debug_macro   0x0000000000018b60       0x1c ./Core/Src/global.o
 .debug_macro   0x0000000000018b7c       0x52 ./Core/Src/global.o
 .debug_macro   0x0000000000018bce       0x22 ./Core/Src/global.o
 .debug_macro   0x0000000000018bf0       0x10 ./Core/Src/global.o
 .debug_macro   0x0000000000018c00       0x40 ./Core/Src/global.o
 .debug_macro   0x0000000000018c40       0xd5 ./Core/Src/global.o
 .debug_macro   0x0000000000018d15       0x1c ./Core/Src/global.o
 .debug_macro   0x0000000000018d31       0x3d ./Core/Src/global.o
 .debug_macro   0x0000000000018d6e       0x16 ./Core/Src/global.o
 .debug_macro   0x0000000000018d84      0x145 ./Core/Src/global.o
 .debug_macro   0x0000000000018ec9       0x16 ./Core/Src/global.o
 .debug_macro   0x0000000000018edf       0x16 ./Core/Src/global.o
 .debug_macro   0x0000000000018ef5       0x29 ./Core/Src/global.o
 .debug_macro   0x0000000000018f1e       0xac ./Core/Src/global.o
 .debug_macro   0x0000000000018fca       0x10 ./Core/Src/global.o
 .debug_macro   0x0000000000018fda      0x3f1 ./Core/Src/main.o
 .debug_macro   0x00000000000193cb       0x16 ./Core/Src/main.o
 .debug_macro   0x00000000000193e1      0x3fb ./Core/Src/server_sett.o
 .debug_macro   0x00000000000197dc       0x40 ./Core/Src/server_sett.o
 .debug_macro   0x000000000001981c      0x3f1 ./Core/Src/stm32f0xx_hal_msp.o
 .debug_macro   0x0000000000019c0d      0x3fb ./Core/Src/stm32f0xx_it.o
 .debug_macro   0x000000000001a008      0x1eb ./Core/Src/system_stm32f0xx.o
 .debug_macro   0x000000000001a1f3      0x3f5 ./Core/Src/tcp_server.o
 .debug_macro   0x000000000001a5e8      0x3fb ./Core/Src/user.o
 .debug_macro   0x000000000001a9e3      0x20f ./Drivers/STM32F0xx_HAL_Driver/Src/stm32f0xx_hal.o
 .debug_macro   0x000000000001abf2      0x20f ./Drivers/STM32F0xx_HAL_Driver/Src/stm32f0xx_hal_adc.o
 .debug_macro   0x000000000001ae01      0x1f7 ./Drivers/STM32F0xx_HAL_Driver/Src/stm32f0xx_hal_adc_ex.o
 .debug_macro   0x000000000001aff8      0x1eb ./Drivers/STM32F0xx_HAL_Driver/Src/stm32f0xx_hal_cortex.o
 .debug_macro   0x000000000001b1e3      0x1ec ./Drivers/STM32F0xx_HAL_Driver/Src/stm32f0xx_hal_dac.o
 .debug_macro   0x000000000001b3cf      0x1eb ./Drivers/STM32F0xx_HAL_Driver/Src/stm32f0xx_hal_dac_ex.o
 .debug_macro   0x000000000001b5ba      0x1eb ./Drivers/STM32F0xx_HAL_Driver/Src/stm32f0xx_hal_dma.o
 .debug_macro   0x000000000001b7a5      0x1f2 ./Drivers/STM32F0xx_HAL_Driver/Src/stm32f0xx_hal_gpio.o
 .debug_macro   0x000000000001b997      0x1fd ./Drivers/STM32F0xx_HAL_Driver/Src/stm32f0xx_hal_rcc.o
 .debug_macro   0x000000000001bb94      0x1fd ./Drivers/STM32F0xx_HAL_Driver/Src/stm32f0xx_hal_rcc_ex.o
 .debug_macro   0x000000000001bd91      0x1f3 ./Drivers/STM32F0xx_HAL_Driver/Src/stm32f0xx_hal_spi.o
 .debug_macro   0x000000000001bf84      0x208 ./Drivers/STM32F0xx_HAL_Driver/Src/stm32f0xx_hal_uart.o
 .debug_macro   0x000000000001c18c      0x1eb ./Drivers/STM32F0xx_HAL_Driver/Src/stm32f0xx_hal_uart_ex.o
 .debug_macro   0x000000000001c377       0xb7 ./Drivers/W5500/scr/socket.o
 .debug_macro   0x000000000001c42e       0x40 ./Drivers/W5500/scr/socket.o
 .debug_macro   0x000000000001c46e       0x9c ./Drivers/W5500/scr/w5500.o
 .debug_macro   0x000000000001c50a       0x93 ./Drivers/W5500/scr/wizchip_conf.o

.debug_line     0x0000000000000000    0x1407d
 .debug_line    0x0000000000000000      0xc04 ./Core/Src/global.o
 .debug_line    0x0000000000000c04      0xc1f ./Core/Src/main.o
 .debug_line    0x0000000000001823      0xadc ./Core/Src/server_sett.o
 .debug_line    0x00000000000022ff      0xb3a ./Core/Src/stm32f0xx_hal_msp.o
 .debug_line    0x0000000000002e39      0xa80 ./Core/Src/stm32f0xx_it.o
 .debug_line    0x00000000000038b9      0x7cc ./Core/Src/system_stm32f0xx.o
 .debug_line    0x0000000000004085      0xa5f ./Core/Src/tcp_server.o
 .debug_line    0x0000000000004ae4      0x9fa ./Core/Src/user.o
 .debug_line    0x00000000000054de       0x89 ./Core/Startup/startup_stm32f072c8tx.o
 .debug_line    0x0000000000005567      0x9bf ./Drivers/STM32F0xx_HAL_Driver/Src/stm32f0xx_hal.o
 .debug_line    0x0000000000005f26     0x1205 ./Drivers/STM32F0xx_HAL_Driver/Src/stm32f0xx_hal_adc.o
 .debug_line    0x000000000000712b      0x7d8 ./Drivers/STM32F0xx_HAL_Driver/Src/stm32f0xx_hal_adc_ex.o
 .debug_line    0x0000000000007903      0xa6b ./Drivers/STM32F0xx_HAL_Driver/Src/stm32f0xx_hal_cortex.o
 .debug_line    0x000000000000836e      0x94d ./Drivers/STM32F0xx_HAL_Driver/Src/stm32f0xx_hal_dac.o
 .debug_line    0x0000000000008cbb      0xb78 ./Drivers/STM32F0xx_HAL_Driver/Src/stm32f0xx_hal_dac_ex.o
 .debug_line    0x0000000000009833      0xcdb ./Drivers/STM32F0xx_HAL_Driver/Src/stm32f0xx_hal_dma.o
 .debug_line    0x000000000000a50e      0xb51 ./Drivers/STM32F0xx_HAL_Driver/Src/stm32f0xx_hal_gpio.o
 .debug_line    0x000000000000b05f      0xe4e ./Drivers/STM32F0xx_HAL_Driver/Src/stm32f0xx_hal_rcc.o
 .debug_line    0x000000000000bead      0xc5f ./Drivers/STM32F0xx_HAL_Driver/Src/stm32f0xx_hal_rcc_ex.o
 .debug_line    0x000000000000cb0c     0x1ed4 ./Drivers/STM32F0xx_HAL_Driver/Src/stm32f0xx_hal_spi.o
 .debug_line    0x000000000000e9e0     0x2d11 ./Drivers/STM32F0xx_HAL_Driver/Src/stm32f0xx_hal_uart.o
 .debug_line    0x00000000000116f1      0xc0d ./Drivers/STM32F0xx_HAL_Driver/Src/stm32f0xx_hal_uart_ex.o
 .debug_line    0x00000000000122fe      0xc90 ./Drivers/W5500/scr/socket.o
 .debug_line    0x0000000000012f8e      0x686 ./Drivers/W5500/scr/w5500.o
 .debug_line    0x0000000000013614      0xa69 ./Drivers/W5500/scr/wizchip_conf.o

.debug_str      0x0000000000000000    0x9b380
 .debug_str     0x0000000000000000    0x97ce0 ./Core/Src/global.o
                                      0x98102 (size before relaxing)
 .debug_str     0x0000000000097ce0      0x4a8 ./Core/Src/main.o
                                      0x985c2 (size before relaxing)
 .debug_str     0x0000000000098188      0x1f5 ./Core/Src/server_sett.o
                                      0x97de7 (size before relaxing)
 .debug_str     0x000000000009837d       0xc1 ./Core/Src/stm32f0xx_hal_msp.o
                                      0x98386 (size before relaxing)
 .debug_str     0x000000000009843e       0x88 ./Core/Src/stm32f0xx_it.o
                                      0x97e07 (size before relaxing)
 .debug_str     0x00000000000984c6       0x5f ./Core/Src/system_stm32f0xx.o
                                      0x90378 (size before relaxing)
 .debug_str     0x0000000000098525       0x2f ./Core/Src/tcp_server.o
                                      0x97bce (size before relaxing)
 .debug_str     0x0000000000098554       0x18 ./Core/Src/user.o
                                      0x97cd7 (size before relaxing)
 .debug_str     0x000000000009856c       0x36 ./Core/Startup/startup_stm32f072c8tx.o
                                         0x5b (size before relaxing)
 .debug_str     0x00000000000985a2      0x30d ./Drivers/STM32F0xx_HAL_Driver/Src/stm32f0xx_hal.o
                                      0x908e6 (size before relaxing)
 .debug_str     0x00000000000988af      0x384 ./Drivers/STM32F0xx_HAL_Driver/Src/stm32f0xx_hal_adc.o
                                      0x90a78 (size before relaxing)
 .debug_str     0x0000000000098c33       0xa8 ./Drivers/STM32F0xx_HAL_Driver/Src/stm32f0xx_hal_adc_ex.o
                                      0x90731 (size before relaxing)
 .debug_str     0x0000000000098cdb      0x1dc ./Drivers/STM32F0xx_HAL_Driver/Src/stm32f0xx_hal_cortex.o
                                      0x9079a (size before relaxing)
 .debug_str     0x0000000000098eb7      0x173 ./Drivers/STM32F0xx_HAL_Driver/Src/stm32f0xx_hal_dac.o
                                      0x907f1 (size before relaxing)
 .debug_str     0x000000000009902a      0x1ba ./Drivers/STM32F0xx_HAL_Driver/Src/stm32f0xx_hal_dac_ex.o
                                      0x90875 (size before relaxing)
 .debug_str     0x00000000000991e4      0x248 ./Drivers/STM32F0xx_HAL_Driver/Src/stm32f0xx_hal_dma.o
                                      0x90750 (size before relaxing)
 .debug_str     0x000000000009942c      0x14b ./Drivers/STM32F0xx_HAL_Driver/Src/stm32f0xx_hal_gpio.o
                                      0x90557 (size before relaxing)
 .debug_str     0x0000000000099577      0x240 ./Drivers/STM32F0xx_HAL_Driver/Src/stm32f0xx_hal_rcc.o
                                      0x9078d (size before relaxing)
 .debug_str     0x00000000000997b7      0x2db ./Drivers/STM32F0xx_HAL_Driver/Src/stm32f0xx_hal_rcc_ex.o
                                      0x9076a (size before relaxing)
 .debug_str     0x0000000000099a92      0x575 ./Drivers/STM32F0xx_HAL_Driver/Src/stm32f0xx_hal_spi.o
                                      0x90cc8 (size before relaxing)
 .debug_str     0x000000000009a007      0x85e ./Drivers/STM32F0xx_HAL_Driver/Src/stm32f0xx_hal_uart.o
                                      0x9104c (size before relaxing)
 .debug_str     0x000000000009a865      0x19e ./Drivers/STM32F0xx_HAL_Driver/Src/stm32f0xx_hal_uart_ex.o
                                      0x9094d (size before relaxing)
 .debug_str     0x000000000009aa03      0x3d0 ./Drivers/W5500/scr/socket.o
                                       0x6de9 (size before relaxing)
 .debug_str     0x000000000009add3      0x132 ./Drivers/W5500/scr/w5500.o
                                       0x6794 (size before relaxing)
 .debug_str     0x000000000009af05      0x47b ./Drivers/W5500/scr/wizchip_conf.o
                                       0x6fcd (size before relaxing)

.comment        0x0000000000000000       0x53
 .comment       0x0000000000000000       0x53 ./Core/Src/global.o
                                         0x54 (size before relaxing)
 .comment       0x0000000000000053       0x54 ./Core/Src/main.o
 .comment       0x0000000000000053       0x54 ./Core/Src/server_sett.o
 .comment       0x0000000000000053       0x54 ./Core/Src/stm32f0xx_hal_msp.o
 .comment       0x0000000000000053       0x54 ./Core/Src/stm32f0xx_it.o
 .comment       0x0000000000000053       0x54 ./Core/Src/system_stm32f0xx.o
 .comment       0x0000000000000053       0x54 ./Core/Src/tcp_server.o
 .comment       0x0000000000000053       0x54 ./Core/Src/user.o
 .comment       0x0000000000000053       0x54 ./Drivers/STM32F0xx_HAL_Driver/Src/stm32f0xx_hal.o
 .comment       0x0000000000000053       0x54 ./Drivers/STM32F0xx_HAL_Driver/Src/stm32f0xx_hal_adc.o
 .comment       0x0000000000000053       0x54 ./Drivers/STM32F0xx_HAL_Driver/Src/stm32f0xx_hal_adc_ex.o
 .comment       0x0000000000000053       0x54 ./Drivers/STM32F0xx_HAL_Driver/Src/stm32f0xx_hal_cortex.o
 .comment       0x0000000000000053       0x54 ./Drivers/STM32F0xx_HAL_Driver/Src/stm32f0xx_hal_dac.o
 .comment       0x0000000000000053       0x54 ./Drivers/STM32F0xx_HAL_Driver/Src/stm32f0xx_hal_dac_ex.o
 .comment       0x0000000000000053       0x54 ./Drivers/STM32F0xx_HAL_Driver/Src/stm32f0xx_hal_dma.o
 .comment       0x0000000000000053       0x54 ./Drivers/STM32F0xx_HAL_Driver/Src/stm32f0xx_hal_gpio.o
 .comment       0x0000000000000053       0x54 ./Drivers/STM32F0xx_HAL_Driver/Src/stm32f0xx_hal_rcc.o
 .comment       0x0000000000000053       0x54 ./Drivers/STM32F0xx_HAL_Driver/Src/stm32f0xx_hal_rcc_ex.o
 .comment       0x0000000000000053       0x54 ./Drivers/STM32F0xx_HAL_Driver/Src/stm32f0xx_hal_spi.o
 .comment       0x0000000000000053       0x54 ./Drivers/STM32F0xx_HAL_Driver/Src/stm32f0xx_hal_uart.o
 .comment       0x0000000000000053       0x54 ./Drivers/STM32F0xx_HAL_Driver/Src/stm32f0xx_hal_uart_ex.o
 .comment       0x0000000000000053       0x54 ./Drivers/W5500/scr/socket.o
 .comment       0x0000000000000053       0x54 ./Drivers/W5500/scr/w5500.o
 .comment       0x0000000000000053       0x54 ./Drivers/W5500/scr/wizchip_conf.o

.debug_frame    0x0000000000000000     0x31b4
 .debug_frame   0x0000000000000000       0xd0 ./Core/Src/global.o
 .debug_frame   0x00000000000000d0      0x120 ./Core/Src/main.o
 .debug_frame   0x00000000000001f0      0x104 ./Core/Src/server_sett.o
 .debug_frame   0x00000000000002f4      0x130 ./Core/Src/stm32f0xx_hal_msp.o
 .debug_frame   0x0000000000000424       0xd4 ./Core/Src/stm32f0xx_it.o
 .debug_frame   0x00000000000004f8       0x4c ./Core/Src/system_stm32f0xx.o
 .debug_frame   0x0000000000000544       0x34 ./Core/Src/tcp_server.o
 .debug_frame   0x0000000000000578       0x30 ./Core/Src/user.o
 .debug_frame   0x00000000000005a8      0x2a4 ./Drivers/STM32F0xx_HAL_Driver/Src/stm32f0xx_hal.o
 .debug_frame   0x000000000000084c      0x3a0 ./Drivers/STM32F0xx_HAL_Driver/Src/stm32f0xx_hal_adc.o
 .debug_frame   0x0000000000000bec       0x30 ./Drivers/STM32F0xx_HAL_Driver/Src/stm32f0xx_hal_adc_ex.o
 .debug_frame   0x0000000000000c1c      0x2a0 ./Drivers/STM32F0xx_HAL_Driver/Src/stm32f0xx_hal_cortex.o
 .debug_frame   0x0000000000000ebc      0x250 ./Drivers/STM32F0xx_HAL_Driver/Src/stm32f0xx_hal_dac.o
 .debug_frame   0x000000000000110c      0x270 ./Drivers/STM32F0xx_HAL_Driver/Src/stm32f0xx_hal_dac_ex.o
 .debug_frame   0x000000000000137c      0x1d0 ./Drivers/STM32F0xx_HAL_Driver/Src/stm32f0xx_hal_dma.o
 .debug_frame   0x000000000000154c      0x110 ./Drivers/STM32F0xx_HAL_Driver/Src/stm32f0xx_hal_gpio.o
 .debug_frame   0x000000000000165c      0x198 ./Drivers/STM32F0xx_HAL_Driver/Src/stm32f0xx_hal_rcc.o
 .debug_frame   0x00000000000017f4      0x180 ./Drivers/STM32F0xx_HAL_Driver/Src/stm32f0xx_hal_rcc_ex.o
 .debug_frame   0x0000000000001974      0x710 ./Drivers/STM32F0xx_HAL_Driver/Src/stm32f0xx_hal_spi.o
 .debug_frame   0x0000000000002084      0x850 ./Drivers/STM32F0xx_HAL_Driver/Src/stm32f0xx_hal_uart.o
 .debug_frame   0x00000000000028d4      0x158 ./Drivers/STM32F0xx_HAL_Driver/Src/stm32f0xx_hal_uart_ex.o
 .debug_frame   0x0000000000002a2c      0x1a4 ./Drivers/W5500/scr/socket.o
 .debug_frame   0x0000000000002bd0      0x14c ./Drivers/W5500/scr/w5500.o
 .debug_frame   0x0000000000002d1c      0x42c ./Drivers/W5500/scr/wizchip_conf.o
 .debug_frame   0x0000000000003148       0x2c c:/st/stm32cubeide_1.8.0/stm32cubeide/plugins/com.st.stm32cube.ide.mcu.externaltools.gnu-tools-for-stm32.9-2020-q2-update.win32_2.0.0.202105311346/tools/bin/../lib/gcc/arm-none-eabi/9.3.1/../../../../arm-none-eabi/lib/thumb/v6-m/nofp\libc_nano.a(lib_a-init.o)
 .debug_frame   0x0000000000003174       0x20 c:/st/stm32cubeide_1.8.0/stm32cubeide/plugins/com.st.stm32cube.ide.mcu.externaltools.gnu-tools-for-stm32.9-2020-q2-update.win32_2.0.0.202105311346/tools/bin/../lib/gcc/arm-none-eabi/9.3.1/../../../../arm-none-eabi/lib/thumb/v6-m/nofp\libc_nano.a(lib_a-memset.o)
 .debug_frame   0x0000000000003194       0x20 c:/st/stm32cubeide_1.8.0/stm32cubeide/plugins/com.st.stm32cube.ide.mcu.externaltools.gnu-tools-for-stm32.9-2020-q2-update.win32_2.0.0.202105311346/tools/bin/../lib/gcc/arm-none-eabi/9.3.1/thumb/v6-m/nofp\libgcc.a(_udivsi3.o)
